{"level":"info","message":"API gateway is running on port 3000","service":"api-gateway","timestamp":"2026-02-16T03:49:33.955Z"}
{"level":"info","message":"Identity service is running on port http://locahost:3001","service":"api-gateway","timestamp":"2026-02-16T03:49:33.958Z"}
{"level":"info","message":"Redis Url redis://localhost:6379","service":"api-gateway","timestamp":"2026-02-16T03:49:33.959Z"}
{"level":"info","message":"API gateway is running on port 3000","service":"api-gateway","timestamp":"2026-02-16T03:50:05.741Z"}
{"level":"info","message":"Identity service is running on port http://locahost:3001","service":"api-gateway","timestamp":"2026-02-16T03:50:05.749Z"}
{"level":"info","message":"Redis Url redis://localhost:6379","service":"api-gateway","timestamp":"2026-02-16T03:50:05.750Z"}
{"level":"info","message":"Received POST request to /vi/auth/register","service":"api-gateway","timestamp":"2026-02-16T03:50:52.068Z"}
{"level":"info","message":"Request body, [object Object]","service":"api-gateway","timestamp":"2026-02-16T03:50:52.070Z"}
{"level":"info","message":"Received POST request to /vi/auth/register","service":"api-gateway","timestamp":"2026-02-16T03:51:18.847Z"}
{"level":"info","message":"Request body, [object Object]","service":"api-gateway","timestamp":"2026-02-16T03:51:18.848Z"}
{"level":"info","message":"Received POST request to /vi/auth/register","service":"api-gateway","timestamp":"2026-02-16T03:52:22.361Z"}
{"level":"info","message":"Request body, [object Object]","service":"api-gateway","timestamp":"2026-02-16T03:52:22.362Z"}
{"level":"info","message":"Received POST request to /v1/auth/register","service":"api-gateway","timestamp":"2026-02-16T03:53:01.720Z"}
{"level":"info","message":"Request body, [object Object]","service":"api-gateway","timestamp":"2026-02-16T03:53:01.720Z"}
{"level":"warn","message":"Proxy error: getaddrinfo ENOTFOUND locahost","service":"api-gateway","timestamp":"2026-02-16T03:53:01.819Z"}
{"level":"error","message":"Error: getaddrinfo ENOTFOUND locahost\n    at GetAddrInfoReqWrap.onlookupall [as oncomplete] (node:dns:122:26)","service":"api-gateway","timestamp":"2026-02-16T03:53:01.824Z"}
{"level":"info","message":"Received POST request to /v1/auth/register","service":"api-gateway","timestamp":"2026-02-16T03:53:14.792Z"}
{"level":"info","message":"Request body, [object Object]","service":"api-gateway","timestamp":"2026-02-16T03:53:14.792Z"}
{"level":"warn","message":"Proxy error: getaddrinfo ENOTFOUND locahost","service":"api-gateway","timestamp":"2026-02-16T03:53:14.809Z"}
{"level":"error","message":"Error: getaddrinfo ENOTFOUND locahost\n    at GetAddrInfoReqWrap.onlookupall [as oncomplete] (node:dns:122:26)","service":"api-gateway","timestamp":"2026-02-16T03:53:14.811Z"}
{"level":"info","message":"Received POST request to /v1/auth/register","service":"api-gateway","timestamp":"2026-02-16T03:53:17.849Z"}
{"level":"info","message":"Request body, [object Object]","service":"api-gateway","timestamp":"2026-02-16T03:53:17.849Z"}
{"level":"warn","message":"Proxy error: getaddrinfo ENOTFOUND locahost","service":"api-gateway","timestamp":"2026-02-16T03:53:17.854Z"}
{"level":"error","message":"Error: getaddrinfo ENOTFOUND locahost\n    at GetAddrInfoReqWrap.onlookupall [as oncomplete] (node:dns:122:26)","service":"api-gateway","timestamp":"2026-02-16T03:53:17.855Z"}
{"level":"info","message":"API gateway is running on port 3000","service":"api-gateway","timestamp":"2026-02-16T03:53:48.421Z"}
{"level":"info","message":"Identity service is running on port http://locahost:3001","service":"api-gateway","timestamp":"2026-02-16T03:53:48.424Z"}
{"level":"info","message":"Redis Url redis://localhost:6379","service":"api-gateway","timestamp":"2026-02-16T03:53:48.425Z"}
{"level":"info","message":"Received POST request to /v1/auth/register","service":"api-gateway","timestamp":"2026-02-16T03:54:09.363Z"}
{"level":"info","message":"Request body, [object Object]","service":"api-gateway","timestamp":"2026-02-16T03:54:09.363Z"}
{"level":"warn","message":"Proxy error: getaddrinfo ENOTFOUND locahost","service":"api-gateway","timestamp":"2026-02-16T03:54:09.381Z"}
{"level":"error","message":"Error: getaddrinfo ENOTFOUND locahost\n    at GetAddrInfoReqWrap.onlookupall [as oncomplete] (node:dns:122:26)","service":"api-gateway","timestamp":"2026-02-16T03:54:09.386Z"}
{"level":"info","message":"Received POST request to /v1/auth/register","service":"api-gateway","timestamp":"2026-02-16T03:56:13.921Z"}
{"level":"info","message":"Request body, [object Object]","service":"api-gateway","timestamp":"2026-02-16T03:56:13.921Z"}
{"level":"warn","message":"Proxy error: getaddrinfo ENOTFOUND locahost","service":"api-gateway","timestamp":"2026-02-16T03:56:13.925Z"}
{"level":"error","message":"Error: getaddrinfo ENOTFOUND locahost\n    at GetAddrInfoReqWrap.onlookupall [as oncomplete] (node:dns:122:26)","service":"api-gateway","timestamp":"2026-02-16T03:56:13.926Z"}
{"level":"info","message":"API gateway is running on port 3000","service":"api-gateway","timestamp":"2026-02-16T03:56:24.077Z"}
{"level":"info","message":"Identity service is running on port http://locahost:3001","service":"api-gateway","timestamp":"2026-02-16T03:56:24.081Z"}
{"level":"info","message":"Redis Url redis://localhost:6379","service":"api-gateway","timestamp":"2026-02-16T03:56:24.081Z"}
{"level":"info","message":"Received POST request to /v1/auth/register","service":"api-gateway","timestamp":"2026-02-16T03:56:30.445Z"}
{"level":"info","message":"Request body, [object Object]","service":"api-gateway","timestamp":"2026-02-16T03:56:30.446Z"}
{"level":"warn","message":"Proxy error: getaddrinfo ENOTFOUND locahost","service":"api-gateway","timestamp":"2026-02-16T03:56:30.466Z"}
{"level":"error","message":"Error: getaddrinfo ENOTFOUND locahost\n    at GetAddrInfoReqWrap.onlookupall [as oncomplete] (node:dns:122:26)","service":"api-gateway","timestamp":"2026-02-16T03:56:30.472Z"}
{"level":"info","message":"Received POST request to /v1/auth/register","service":"api-gateway","timestamp":"2026-02-16T03:56:35.445Z"}
{"level":"info","message":"Request body, [object Object]","service":"api-gateway","timestamp":"2026-02-16T03:56:35.446Z"}
{"level":"warn","message":"Proxy error: getaddrinfo ENOTFOUND locahost","service":"api-gateway","timestamp":"2026-02-16T03:56:35.459Z"}
{"level":"error","message":"Error: getaddrinfo ENOTFOUND locahost\n    at GetAddrInfoReqWrap.onlookupall [as oncomplete] (node:dns:122:26)","service":"api-gateway","timestamp":"2026-02-16T03:56:35.461Z"}
{"level":"info","message":"Received POST request to /v1/auth/register","service":"api-gateway","timestamp":"2026-02-16T03:57:25.740Z"}
{"level":"info","message":"Request body, [object Object]","service":"api-gateway","timestamp":"2026-02-16T03:57:25.740Z"}
{"level":"warn","message":"Proxy error: getaddrinfo ENOTFOUND locahost","service":"api-gateway","timestamp":"2026-02-16T03:57:25.745Z"}
{"level":"error","message":"Error: getaddrinfo ENOTFOUND locahost\n    at GetAddrInfoReqWrap.onlookupall [as oncomplete] (node:dns:122:26)","service":"api-gateway","timestamp":"2026-02-16T03:57:25.747Z"}
{"level":"info","message":"API gateway is running on port 3000","service":"api-gateway","timestamp":"2026-02-16T03:57:34.657Z"}
{"level":"info","message":"Identity service is running on port http://localhost:3001","service":"api-gateway","timestamp":"2026-02-16T03:57:34.661Z"}
{"level":"info","message":"Redis Url redis://localhost:6379","service":"api-gateway","timestamp":"2026-02-16T03:57:34.661Z"}
{"level":"info","message":"Received POST request to /v1/auth/register","service":"api-gateway","timestamp":"2026-02-16T03:57:38.437Z"}
{"level":"info","message":"Request body, [object Object]","service":"api-gateway","timestamp":"2026-02-16T03:57:38.438Z"}
{"level":"warn","message":"Proxy error: ","service":"api-gateway","timestamp":"2026-02-16T03:57:38.457Z"}
{"level":"error","message":"AggregateError [ECONNREFUSED]: \n    at internalConnectMultiple (node:net:1134:18)\n    at afterConnectMultiple (node:net:1715:7)","service":"api-gateway","timestamp":"2026-02-16T03:57:38.461Z"}
{"level":"info","message":"Received POST request to /v1/auth/register","service":"api-gateway","timestamp":"2026-02-16T03:57:55.872Z"}
{"level":"info","message":"Request body, [object Object]","service":"api-gateway","timestamp":"2026-02-16T03:57:55.872Z"}
{"level":"warn","message":"Response received from identity service 400","service":"api-gateway","timestamp":"2026-02-16T03:57:55.992Z"}
{"level":"info","message":"Received POST request to /v1/auth/register","service":"api-gateway","timestamp":"2026-02-16T03:58:15.925Z"}
{"level":"info","message":"Request body, [object Object]","service":"api-gateway","timestamp":"2026-02-16T03:58:15.925Z"}
{"level":"warn","message":"Response received from identity service 400","service":"api-gateway","timestamp":"2026-02-16T03:58:15.952Z"}
{"level":"info","message":"Received POST request to /v1/auth/register","service":"api-gateway","timestamp":"2026-02-16T03:58:42.220Z"}
{"level":"info","message":"Request body, [object Object]","service":"api-gateway","timestamp":"2026-02-16T03:58:42.220Z"}
{"level":"warn","message":"Response received from identity service 400","service":"api-gateway","timestamp":"2026-02-16T03:58:42.462Z"}
{"level":"info","message":"Received POST request to /v1/auth/register","service":"api-gateway","timestamp":"2026-02-16T03:58:53.311Z"}
{"level":"info","message":"Request body, [object Object]","service":"api-gateway","timestamp":"2026-02-16T03:58:53.311Z"}
{"level":"warn","message":"Response received from identity service 400","service":"api-gateway","timestamp":"2026-02-16T03:58:53.535Z"}
{"level":"info","message":"Received POST request to /v1/auth/register","service":"api-gateway","timestamp":"2026-02-16T03:59:13.118Z"}
{"level":"info","message":"Request body, [object Object]","service":"api-gateway","timestamp":"2026-02-16T03:59:13.118Z"}
{"level":"warn","message":"Response received from identity service 201","service":"api-gateway","timestamp":"2026-02-16T03:59:13.952Z"}
{"level":"info","message":"API gateway is running on port 3000","service":"api-gateway","timestamp":"2026-02-17T01:44:04.038Z"}
{"level":"info","message":"Identity service is running on port http://localhost:3001","service":"api-gateway","timestamp":"2026-02-17T01:44:04.042Z"}
{"level":"info","message":"Redis Url redis://localhost:6379","service":"api-gateway","timestamp":"2026-02-17T01:44:04.042Z"}
{"level":"info","message":"Received POST request to /v1/auth/login","service":"api-gateway","timestamp":"2026-02-17T01:44:24.277Z"}
{"level":"info","message":"Request body, [object Object]","service":"api-gateway","timestamp":"2026-02-17T01:44:24.279Z"}
{"level":"warn","message":"Response received from identity service 400","service":"api-gateway","timestamp":"2026-02-17T01:44:24.379Z"}
{"level":"info","message":"Received POST request to /v1/auth/login","service":"api-gateway","timestamp":"2026-02-17T01:44:52.533Z"}
{"level":"info","message":"Request body, [object Object]","service":"api-gateway","timestamp":"2026-02-17T01:44:52.535Z"}
{"level":"warn","message":"Response received from identity service 200","service":"api-gateway","timestamp":"2026-02-17T01:44:53.116Z"}
{"level":"info","message":"API gateway is running on port 3000","service":"api-gateway","timestamp":"2026-02-20T01:30:16.393Z"}
{"level":"info","message":"Identity service is running on port http://localhost:3001","service":"api-gateway","timestamp":"2026-02-20T01:30:16.397Z"}
{"level":"info","message":"Post service is running on port http://localhost:3002","service":"api-gateway","timestamp":"2026-02-20T01:30:16.398Z"}
{"level":"info","message":"Redis Url redis://localhost:6379","service":"api-gateway","timestamp":"2026-02-20T01:30:16.398Z"}
{"level":"info","message":"Received POST request to /v1/auth/login","service":"api-gateway","timestamp":"2026-02-20T01:30:23.228Z"}
{"level":"info","message":"Request body, [object Object]","service":"api-gateway","timestamp":"2026-02-20T01:30:23.229Z"}
{"level":"warn","message":"Response received from identity service 200","service":"api-gateway","timestamp":"2026-02-20T01:30:25.787Z"}
{"level":"info","message":"Received POST request to /v1/posts/create-post","service":"api-gateway","timestamp":"2026-02-20T01:32:16.587Z"}
{"level":"info","message":"Request body, undefined","service":"api-gateway","timestamp":"2026-02-20T01:32:16.588Z"}
{"level":"warn","message":"Response received from post service 500","service":"api-gateway","timestamp":"2026-02-20T01:32:16.759Z"}
{"level":"info","message":"Received POST request to /v1/posts/create-post","service":"api-gateway","timestamp":"2026-02-20T01:33:36.926Z"}
{"level":"info","message":"Request body, undefined","service":"api-gateway","timestamp":"2026-02-20T01:33:36.926Z"}
{"level":"warn","message":"Response received from post service 500","service":"api-gateway","timestamp":"2026-02-20T01:33:36.947Z"}
{"level":"info","message":"Received POST request to /v1/posts/create-post","service":"api-gateway","timestamp":"2026-02-20T01:37:04.659Z"}
{"level":"info","message":"Request body, [object Object]","service":"api-gateway","timestamp":"2026-02-20T01:37:04.660Z"}
{"level":"warn","message":"Response received from post service 500","service":"api-gateway","timestamp":"2026-02-20T01:37:04.677Z"}
{"level":"info","message":"Received POST request to /v1/posts/create-post","service":"api-gateway","timestamp":"2026-02-20T01:40:40.856Z"}
{"level":"info","message":"Request body, [object Object]","service":"api-gateway","timestamp":"2026-02-20T01:40:40.856Z"}
{"level":"warn","message":"Response received from post service 500","service":"api-gateway","timestamp":"2026-02-20T01:40:40.886Z"}
{"level":"info","message":"Received POST request to /v1/posts/create-post","service":"api-gateway","timestamp":"2026-02-20T01:52:18.067Z"}
{"level":"info","message":"Request body, [object Object]","service":"api-gateway","timestamp":"2026-02-20T01:52:18.069Z"}
{"level":"warn","message":"Response received from post service 400","service":"api-gateway","timestamp":"2026-02-20T01:52:18.146Z"}
{"level":"info","message":"Received POST request to /v1/posts/create-post","service":"api-gateway","timestamp":"2026-02-20T01:53:47.628Z"}
{"level":"info","message":"Request body, [object Object]","service":"api-gateway","timestamp":"2026-02-20T01:53:47.631Z"}
{"level":"warn","message":"Response received from post service 201","service":"api-gateway","timestamp":"2026-02-20T01:53:48.186Z"}
{"level":"info","message":"Received GET request to /project-managers/my-tasks","service":"api-gateway","timestamp":"2026-02-20T01:55:03.554Z"}
{"level":"info","message":"Request body, undefined","service":"api-gateway","timestamp":"2026-02-20T01:55:03.558Z"}
{"level":"info","message":"API gateway is running on port 3000","service":"api-gateway","timestamp":"2026-02-23T16:42:02.165Z"}
{"level":"info","message":"Identity service is running on port http://localhost:3001","service":"api-gateway","timestamp":"2026-02-23T16:42:02.171Z"}
{"level":"info","message":"Post service is running on port http://localhost:3002","service":"api-gateway","timestamp":"2026-02-23T16:42:02.172Z"}
{"level":"info","message":"Redis Url redis://localhost:6379","service":"api-gateway","timestamp":"2026-02-23T16:42:02.172Z"}
{"level":"info","message":"API gateway is running on port 3000","service":"api-gateway","timestamp":"2026-02-23T16:47:13.563Z"}
{"level":"info","message":"Identity service is running on port http://localhost:3001","service":"api-gateway","timestamp":"2026-02-23T16:47:13.568Z"}
{"level":"info","message":"Post service is running on port http://localhost:3002","service":"api-gateway","timestamp":"2026-02-23T16:47:13.583Z"}
{"level":"info","message":"Redis Url redis://localhost:6379","service":"api-gateway","timestamp":"2026-02-23T16:47:13.584Z"}
{"level":"info","message":"API gateway is running on port 3000","service":"api-gateway","timestamp":"2026-02-23T16:51:06.780Z"}
{"level":"info","message":"Identity service is running on port http://localhost:3001","service":"api-gateway","timestamp":"2026-02-23T16:51:06.785Z"}
{"level":"info","message":"Post service is running on port http://localhost:3002","service":"api-gateway","timestamp":"2026-02-23T16:51:06.787Z"}
{"level":"info","message":"Redis Url redis://localhost:6379","service":"api-gateway","timestamp":"2026-02-23T16:51:06.787Z"}
{"level":"info","message":"Received GET request to /_next/webpack-hmr?id=5M_WAT937pRlGNFjSESaz","service":"api-gateway","timestamp":"2026-02-23T16:51:10.931Z"}
{"level":"info","message":"Request body, undefined","service":"api-gateway","timestamp":"2026-02-23T16:51:10.932Z"}
{"level":"info","message":"Received GET request to /_next/webpack-hmr?id=hHDn6AhB0tMuJOGF0038X","service":"api-gateway","timestamp":"2026-02-23T16:51:10.955Z"}
{"level":"info","message":"Request body, undefined","service":"api-gateway","timestamp":"2026-02-23T16:51:10.955Z"}
{"level":"info","message":"Received GET request to /_next/webpack-hmr?id=hHDn6AhB0tMuJOGF0038X","service":"api-gateway","timestamp":"2026-02-23T16:51:17.029Z"}
{"level":"info","message":"Request body, undefined","service":"api-gateway","timestamp":"2026-02-23T16:51:17.030Z"}
{"level":"info","message":"Received GET request to /_next/webpack-hmr?id=5M_WAT937pRlGNFjSESaz","service":"api-gateway","timestamp":"2026-02-23T16:51:17.118Z"}
{"level":"info","message":"Request body, undefined","service":"api-gateway","timestamp":"2026-02-23T16:51:17.131Z"}
{"level":"info","message":"Received GET request to /project-managers","service":"api-gateway","timestamp":"2026-02-23T16:51:17.461Z"}
{"level":"info","message":"Request body, undefined","service":"api-gateway","timestamp":"2026-02-23T16:51:17.465Z"}
{"level":"info","message":"Received GET request to /admin/organization/users","service":"api-gateway","timestamp":"2026-02-23T16:51:17.509Z"}
{"level":"info","message":"Request body, undefined","service":"api-gateway","timestamp":"2026-02-23T16:51:17.509Z"}
{"level":"info","message":"Received GET request to /v1/posts/all-posts","service":"api-gateway","timestamp":"2026-02-23T16:51:19.305Z"}
{"level":"info","message":"Request body, undefined","service":"api-gateway","timestamp":"2026-02-23T16:51:19.305Z"}
{"level":"warn","message":"Access attempt without valid token!","service":"api-gateway","timestamp":"2026-02-23T16:51:19.306Z"}
{"level":"info","message":"Received POST request to /v1/auth/login","service":"api-gateway","timestamp":"2026-02-23T16:51:26.665Z"}
{"level":"info","message":"Request body, [object Object]","service":"api-gateway","timestamp":"2026-02-23T16:51:26.665Z"}
{"level":"warn","message":"Response received from identity service 200","service":"api-gateway","timestamp":"2026-02-23T16:51:27.384Z"}
{"level":"info","message":"Received GET request to /v1/posts/all-posts","service":"api-gateway","timestamp":"2026-02-23T16:52:07.620Z"}
{"level":"info","message":"Request body, undefined","service":"api-gateway","timestamp":"2026-02-23T16:52:07.620Z"}
{"level":"warn","message":"Response received from post service 200","service":"api-gateway","timestamp":"2026-02-23T16:52:08.166Z"}
{"level":"info","message":"Received GET request to /v1/posts/all-posts","service":"api-gateway","timestamp":"2026-02-23T16:52:55.300Z"}
{"level":"info","message":"Request body, undefined","service":"api-gateway","timestamp":"2026-02-23T16:52:55.300Z"}
{"level":"warn","message":"Response received from post service 200","service":"api-gateway","timestamp":"2026-02-23T16:52:55.327Z"}
{"level":"info","message":"API gateway is running on port 3000","service":"api-gateway","timestamp":"2026-04-22T12:56:23.661Z"}
{"level":"info","message":"Identity service is running on port http://localhost:3001","service":"api-gateway","timestamp":"2026-04-22T12:56:23.667Z"}
{"level":"info","message":"Post service is running on port http://localhost:3002","service":"api-gateway","timestamp":"2026-04-22T12:56:23.667Z"}
{"level":"info","message":"Media service is running on port http://localhost:3003","service":"api-gateway","timestamp":"2026-04-22T12:56:23.667Z"}
{"level":"info","message":"Redis Url redis://localhost:6379","service":"api-gateway","timestamp":"2026-04-22T12:56:23.668Z"}
{"level":"info","message":"Received POST request to /v1/media/upload","service":"api-gateway","timestamp":"2026-04-22T12:56:35.239Z"}
{"level":"info","message":"Request body, undefined","service":"api-gateway","timestamp":"2026-04-22T12:56:35.243Z"}
{"level":"warn","message":"Access attempt without valid token!","service":"api-gateway","timestamp":"2026-04-22T12:56:35.245Z"}
{"level":"info","message":"Received POST request to /v1/auth/login","service":"api-gateway","timestamp":"2026-04-22T12:57:00.333Z"}
{"level":"info","message":"Request body, [object Object]","service":"api-gateway","timestamp":"2026-04-22T12:57:00.333Z"}
{"level":"warn","message":"Response received from identity service 200","service":"api-gateway","timestamp":"2026-04-22T12:57:03.065Z"}
{"level":"info","message":"Received POST request to /v1/media/upload","service":"api-gateway","timestamp":"2026-04-22T12:57:49.071Z"}
{"level":"info","message":"Request body, undefined","service":"api-gateway","timestamp":"2026-04-22T12:57:49.072Z"}
{"level":"warn","message":"Proxy error: Cannot read properties of undefined (reading 'startsWith')","service":"api-gateway","timestamp":"2026-04-22T12:57:49.084Z"}
{"level":"error","message":"TypeError: Cannot read properties of undefined (reading 'startsWith')\n    at proxyReqOptDecorator (/Users/mac/Documents/Portfolio/Backend/Node:Nest/social-media-microservices/api-gateway/src/server.js:109:43)\n    at decorateProxyReqOpt (/Users/mac/Documents/Portfolio/Backend/Node:Nest/social-media-microservices/api-gateway/node_modules/express-http-proxy/app/steps/decorateProxyReqOpts.js:13:14)\n    at process.processTicksAndRejections (node:internal/process/task_queues:103:5)","service":"api-gateway","timestamp":"2026-04-22T12:57:49.085Z"}
{"level":"info","message":"Received POST request to /v1/media/upload","service":"api-gateway","timestamp":"2026-04-22T12:59:17.736Z"}
{"level":"info","message":"Request body, undefined","service":"api-gateway","timestamp":"2026-04-22T12:59:17.736Z"}
{"level":"warn","message":"Response received from media service 500","service":"api-gateway","timestamp":"2026-04-22T12:59:18.209Z"}
{"level":"info","message":"Received POST request to /v1/media/upload","service":"api-gateway","timestamp":"2026-04-22T13:03:41.108Z"}
{"level":"info","message":"Request body, undefined","service":"api-gateway","timestamp":"2026-04-22T13:03:41.108Z"}
{"level":"warn","message":"Response received from media service 400","service":"api-gateway","timestamp":"2026-04-22T13:03:41.166Z"}
{"level":"info","message":"Received POST request to /v1/media/upload","service":"api-gateway","timestamp":"2026-04-23T02:24:58.695Z"}
{"level":"info","message":"Request body, undefined","service":"api-gateway","timestamp":"2026-04-23T02:24:58.707Z"}
{"level":"warn","message":"Invalid token!","service":"api-gateway","timestamp":"2026-04-23T02:24:58.986Z"}
{"level":"info","message":"Received POST request to /v1/auth/login","service":"api-gateway","timestamp":"2026-04-23T02:25:09.643Z"}
{"level":"info","message":"Request body, [object Object]","service":"api-gateway","timestamp":"2026-04-23T02:25:09.644Z"}
{"level":"warn","message":"Response received from identity service 200","service":"api-gateway","timestamp":"2026-04-23T02:25:12.607Z"}
{"level":"info","message":"Received POST request to /v1/media/upload","service":"api-gateway","timestamp":"2026-04-23T02:25:42.054Z"}
{"level":"info","message":"Request body, undefined","service":"api-gateway","timestamp":"2026-04-23T02:25:42.055Z"}
{"level":"warn","message":"Response received from media service 400","service":"api-gateway","timestamp":"2026-04-23T02:25:42.117Z"}
{"level":"info","message":"Received POST request to /v1/media/upload","service":"api-gateway","timestamp":"2026-04-23T02:25:56.042Z"}
{"level":"info","message":"Request body, undefined","service":"api-gateway","timestamp":"2026-04-23T02:25:56.042Z"}
{"level":"warn","message":"Response received from media service 400","service":"api-gateway","timestamp":"2026-04-23T02:25:56.058Z"}
{"level":"info","message":"Received POST request to /v1/media/upload","service":"api-gateway","timestamp":"2026-04-23T02:33:45.717Z"}
{"level":"info","message":"Request body, undefined","service":"api-gateway","timestamp":"2026-04-23T02:33:45.720Z"}
{"level":"warn","message":"Response received from media service 500","service":"api-gateway","timestamp":"2026-04-23T02:33:45.849Z"}
{"level":"info","message":"Received POST request to /v1/media/upload","service":"api-gateway","timestamp":"2026-04-23T02:37:52.491Z"}
{"level":"info","message":"Request body, undefined","service":"api-gateway","timestamp":"2026-04-23T02:37:52.493Z"}
{"level":"warn","message":"Response received from media service 500","service":"api-gateway","timestamp":"2026-04-23T02:37:52.560Z"}
{"level":"info","message":"Received POST request to /v1/media/upload","service":"api-gateway","timestamp":"2026-04-23T02:43:37.003Z"}
{"level":"info","message":"Request body, undefined","service":"api-gateway","timestamp":"2026-04-23T02:43:37.013Z"}
{"level":"warn","message":"Response received from media service 500","service":"api-gateway","timestamp":"2026-04-23T02:43:37.071Z"}
{"level":"info","message":"Received POST request to /v1/media/upload","service":"api-gateway","timestamp":"2026-04-23T08:26:40.455Z"}
{"level":"info","message":"Request body, undefined","service":"api-gateway","timestamp":"2026-04-23T08:26:40.754Z"}
{"level":"warn","message":"Invalid token!","service":"api-gateway","timestamp":"2026-04-23T08:26:40.831Z"}
{"level":"info","message":"Received POST request to /v1/auth/login","service":"api-gateway","timestamp":"2026-04-23T08:26:49.844Z"}
{"level":"info","message":"Request body, [object Object]","service":"api-gateway","timestamp":"2026-04-23T08:26:49.845Z"}
{"level":"warn","message":"Response received from identity service 200","service":"api-gateway","timestamp":"2026-04-23T08:26:51.874Z"}
{"level":"info","message":"Received POST request to /v1/media/upload","service":"api-gateway","timestamp":"2026-04-23T08:27:25.370Z"}
{"level":"info","message":"Request body, undefined","service":"api-gateway","timestamp":"2026-04-23T08:27:25.371Z"}
{"level":"warn","message":"Response received from media service 500","service":"api-gateway","timestamp":"2026-04-23T08:27:27.274Z"}
{"level":"info","message":"Received POST request to /v1/media/upload","service":"api-gateway","timestamp":"2026-04-23T08:27:40.957Z"}
{"level":"info","message":"Request body, undefined","service":"api-gateway","timestamp":"2026-04-23T08:27:40.958Z"}
{"level":"warn","message":"Response received from media service 500","service":"api-gateway","timestamp":"2026-04-23T08:27:42.675Z"}
{"level":"info","message":"API gateway is running on port 3000","service":"api-gateway","timestamp":"2026-04-24T09:46:07.814Z"}
{"level":"info","message":"Identity service is running on port http://localhost:3001","service":"api-gateway","timestamp":"2026-04-24T09:46:07.819Z"}
{"level":"info","message":"Post service is running on port http://localhost:3002","service":"api-gateway","timestamp":"2026-04-24T09:46:07.819Z"}
{"level":"info","message":"Media service is running on port http://localhost:3003","service":"api-gateway","timestamp":"2026-04-24T09:46:07.820Z"}
{"level":"info","message":"Redis Url redis://localhost:6379","service":"api-gateway","timestamp":"2026-04-24T09:46:07.821Z"}
{"level":"info","message":"API gateway is running on port 3000","service":"api-gateway","timestamp":"2026-04-24T09:46:54.454Z"}
{"level":"info","message":"Identity service is running on port http://localhost:3001","service":"api-gateway","timestamp":"2026-04-24T09:46:54.458Z"}
{"level":"info","message":"Post service is running on port http://localhost:3002","service":"api-gateway","timestamp":"2026-04-24T09:46:54.459Z"}
{"level":"info","message":"Media service is running on port http://localhost:3003","service":"api-gateway","timestamp":"2026-04-24T09:46:54.460Z"}
{"level":"info","message":"Redis Url redis://localhost:6379","service":"api-gateway","timestamp":"2026-04-24T09:46:54.460Z"}
{"level":"info","message":"Received POST request to /v1/media/upload","service":"api-gateway","timestamp":"2026-04-24T09:55:51.164Z"}
{"level":"info","message":"Request body, undefined","service":"api-gateway","timestamp":"2026-04-24T09:55:51.165Z"}
{"level":"warn","message":"Invalid token!","service":"api-gateway","timestamp":"2026-04-24T09:55:51.181Z"}
{"level":"info","message":"Received POST request to /v1/auth/login","service":"api-gateway","timestamp":"2026-04-24T09:56:01.253Z"}
{"level":"info","message":"Request body, [object Object]","service":"api-gateway","timestamp":"2026-04-24T09:56:01.253Z"}
{"level":"warn","message":"Response received from identity service 200","service":"api-gateway","timestamp":"2026-04-24T09:56:01.967Z"}
{"level":"info","message":"Received POST request to /v1/media/upload","service":"api-gateway","timestamp":"2026-04-24T09:56:29.236Z"}
{"level":"info","message":"Request body, undefined","service":"api-gateway","timestamp":"2026-04-24T09:56:29.237Z"}
{"level":"warn","message":"Response received from media service 500","service":"api-gateway","timestamp":"2026-04-24T09:56:29.444Z"}
{"level":"info","message":"Received POST request to /v1/media/upload","service":"api-gateway","timestamp":"2026-04-24T10:04:13.191Z"}
{"level":"info","message":"Request body, undefined","service":"api-gateway","timestamp":"2026-04-24T10:04:13.192Z"}
{"level":"warn","message":"Response received from media service 500","service":"api-gateway","timestamp":"2026-04-24T10:04:13.225Z"}
{"level":"info","message":"Received POST request to /v1/media/upload","service":"api-gateway","timestamp":"2026-04-24T10:10:23.787Z"}
{"level":"info","message":"Request body, undefined","service":"api-gateway","timestamp":"2026-04-24T10:10:23.789Z"}
{"level":"warn","message":"Response received from media service 500","service":"api-gateway","timestamp":"2026-04-24T10:10:23.816Z"}
{"level":"info","message":"Received POST request to /v1/media/upload","service":"api-gateway","timestamp":"2026-04-24T10:14:15.434Z"}
{"level":"info","message":"Request body, undefined","service":"api-gateway","timestamp":"2026-04-24T10:14:15.437Z"}
{"level":"warn","message":"Response received from media service 500","service":"api-gateway","timestamp":"2026-04-24T10:14:15.504Z"}
{"level":"info","message":"Received POST request to /v1/media/upload","service":"api-gateway","timestamp":"2026-04-24T10:23:45.522Z"}
{"level":"info","message":"Request body, undefined","service":"api-gateway","timestamp":"2026-04-24T10:23:45.524Z"}
{"level":"warn","message":"Response received from media service 500","service":"api-gateway","timestamp":"2026-04-24T10:23:45.593Z"}
{"level":"info","message":"Received POST request to /v1/media/upload","service":"api-gateway","timestamp":"2026-04-24T10:55:31.706Z"}
{"level":"info","message":"Request body, undefined","service":"api-gateway","timestamp":"2026-04-24T10:55:31.726Z"}
{"level":"warn","message":"Response received from media service 201","service":"api-gateway","timestamp":"2026-04-24T10:55:34.877Z"}
{"level":"info","message":"Received POST request to /v1/posts/create-post","service":"api-gateway","timestamp":"2026-04-24T11:52:24.095Z"}
{"level":"info","message":"Request body, [object Object]","service":"api-gateway","timestamp":"2026-04-24T11:52:24.100Z"}
{"level":"warn","message":"Invalid token!","service":"api-gateway","timestamp":"2026-04-24T11:52:24.113Z"}
{"level":"info","message":"Received POST request to /v1/posts/create-post","service":"api-gateway","timestamp":"2026-04-24T11:53:10.984Z"}
{"level":"info","message":"Request body, [object Object]","service":"api-gateway","timestamp":"2026-04-24T11:53:10.985Z"}
{"level":"warn","message":"Invalid token!","service":"api-gateway","timestamp":"2026-04-24T11:53:10.992Z"}
{"level":"info","message":"Received POST request to /v1/posts/create-post","service":"api-gateway","timestamp":"2026-04-24T11:53:19.558Z"}
{"level":"info","message":"Request body, [object Object]","service":"api-gateway","timestamp":"2026-04-24T11:53:19.558Z"}
{"level":"warn","message":"Invalid token!","service":"api-gateway","timestamp":"2026-04-24T11:53:19.563Z"}
{"level":"info","message":"Received POST request to /v1/posts/create-post","service":"api-gateway","timestamp":"2026-04-24T11:54:44.381Z"}
{"level":"info","message":"Request body, [object Object]","service":"api-gateway","timestamp":"2026-04-24T11:54:44.382Z"}
{"level":"warn","message":"Invalid token!","service":"api-gateway","timestamp":"2026-04-24T11:54:44.384Z"}
{"level":"info","message":"Received POST request to /v1/posts/create-post","service":"api-gateway","timestamp":"2026-04-25T01:55:19.055Z"}
{"level":"info","message":"Request body, [object Object]","service":"api-gateway","timestamp":"2026-04-25T01:55:19.079Z"}
{"level":"warn","message":"Invalid token!","service":"api-gateway","timestamp":"2026-04-25T01:55:19.300Z"}
{"level":"info","message":"Received POST request to /v1/auth/login","service":"api-gateway","timestamp":"2026-04-25T01:55:27.854Z"}
{"level":"info","message":"Request body, [object Object]","service":"api-gateway","timestamp":"2026-04-25T01:55:27.854Z"}
{"level":"warn","message":"Response received from identity service 200","service":"api-gateway","timestamp":"2026-04-25T01:55:30.261Z"}
{"level":"info","message":"Received POST request to /v1/posts/create-post","service":"api-gateway","timestamp":"2026-04-25T01:55:55.515Z"}
{"level":"info","message":"Request body, [object Object]","service":"api-gateway","timestamp":"2026-04-25T01:55:55.515Z"}
{"level":"warn","message":"Response received from post service 201","service":"api-gateway","timestamp":"2026-04-25T01:55:57.665Z"}
{"level":"info","message":"Received GET request to /v1/posts/all-posts","service":"api-gateway","timestamp":"2026-04-25T01:56:18.908Z"}
{"level":"info","message":"Request body, undefined","service":"api-gateway","timestamp":"2026-04-25T01:56:18.908Z"}
{"level":"warn","message":"Response received from post service 200","service":"api-gateway","timestamp":"2026-04-25T01:56:19.455Z"}
{"level":"info","message":"API gateway is running on port 3000","service":"api-gateway","timestamp":"2026-04-28T12:00:43.782Z"}
{"level":"info","message":"Identity service is running on port http://localhost:3001","service":"api-gateway","timestamp":"2026-04-28T12:00:43.786Z"}
{"level":"info","message":"Post service is running on port http://localhost:3002","service":"api-gateway","timestamp":"2026-04-28T12:00:43.786Z"}
{"level":"info","message":"Media service is running on port http://localhost:3003","service":"api-gateway","timestamp":"2026-04-28T12:00:43.786Z"}
{"level":"info","message":"Redis Url redis://localhost:6379","service":"api-gateway","timestamp":"2026-04-28T12:00:43.787Z"}
{"level":"info","message":"API gateway is running on port 3000","service":"api-gateway","timestamp":"2026-05-02T13:22:41.403Z"}
{"level":"info","message":"Identity service is running on port http://localhost:3001","service":"api-gateway","timestamp":"2026-05-02T13:22:41.413Z"}
{"level":"info","message":"Post service is running on port http://localhost:3002","service":"api-gateway","timestamp":"2026-05-02T13:22:41.413Z"}
{"level":"info","message":"Media service is running on port http://localhost:3003","service":"api-gateway","timestamp":"2026-05-02T13:22:41.414Z"}
{"level":"info","message":"Redis Url redis://localhost:6379","service":"api-gateway","timestamp":"2026-05-02T13:22:41.414Z"}
{"level":"info","message":"Received POST request to /v1/auth/login","service":"api-gateway","timestamp":"2026-05-02T13:24:29.998Z"}
{"level":"info","message":"Request body, [object Object]","service":"api-gateway","timestamp":"2026-05-02T13:24:30.003Z"}
{"level":"warn","message":"Response received from identity service 200","service":"api-gateway","timestamp":"2026-05-02T13:24:30.895Z"}
{"level":"info","message":"Received GET request to /v1/media/get","service":"api-gateway","timestamp":"2026-05-02T13:26:39.993Z"}
{"level":"info","message":"Request body, undefined","service":"api-gateway","timestamp":"2026-05-02T13:26:39.993Z"}
{"level":"warn","message":"Proxy error: Cannot read properties of undefined (reading 'startsWith')","service":"api-gateway","timestamp":"2026-05-02T13:26:40.016Z"}
{"level":"error","message":"TypeError: Cannot read properties of undefined (reading 'startsWith')\n    at proxyReqOptDecorator (/Users/mac/Documents/Portfolio/Backend/Node:Nest/social-media-microservices/api-gateway/src/server.js:109:43)\n    at decorateProxyReqOpt (/Users/mac/Documents/Portfolio/Backend/Node:Nest/social-media-microservices/api-gateway/node_modules/express-http-proxy/app/steps/decorateProxyReqOpts.js:13:14)\n    at process.processTicksAndRejections (node:internal/process/task_queues:103:5)","service":"api-gateway","timestamp":"2026-05-02T13:26:40.020Z"}
{"level":"info","message":"Received GET request to /v1/media/get","service":"api-gateway","timestamp":"2026-05-02T13:28:30.599Z"}
{"level":"info","message":"Request body, undefined","service":"api-gateway","timestamp":"2026-05-02T13:28:30.599Z"}
{"level":"warn","message":"Response received from media service 200","service":"api-gateway","timestamp":"2026-05-02T13:28:30.887Z"}
{"level":"info","message":"Received POST request to /v1/media/upload","service":"api-gateway","timestamp":"2026-05-02T13:30:48.891Z"}
{"level":"info","message":"Request body, undefined","service":"api-gateway","timestamp":"2026-05-02T13:30:48.892Z"}
{"level":"warn","message":"Response received from media service 201","service":"api-gateway","timestamp":"2026-05-02T13:30:50.744Z"}
{"level":"info","message":"Received GET request to /v1/media/get","service":"api-gateway","timestamp":"2026-05-02T13:30:57.848Z"}
{"level":"info","message":"Request body, undefined","service":"api-gateway","timestamp":"2026-05-02T13:30:57.849Z"}
{"level":"warn","message":"Response received from media service 200","service":"api-gateway","timestamp":"2026-05-02T13:30:58.061Z"}
{"level":"info","message":"API gateway is running on port 3000","service":"api-gateway","timestamp":"2026-05-03T01:58:54.950Z"}
{"level":"info","message":"Identity service is running on port http://localhost:3001","service":"api-gateway","timestamp":"2026-05-03T01:58:54.954Z"}
{"level":"info","message":"Post service is running on port http://localhost:3002","service":"api-gateway","timestamp":"2026-05-03T01:58:54.955Z"}
{"level":"info","message":"Media service is running on port http://localhost:3003","service":"api-gateway","timestamp":"2026-05-03T01:58:54.955Z"}
{"level":"info","message":"Redis Url redis://localhost:6379","service":"api-gateway","timestamp":"2026-05-03T01:58:54.955Z"}
{"level":"info","message":"Received POST request to /v1/auth/login","service":"api-gateway","timestamp":"2026-05-07T10:07:04.984Z"}
{"level":"info","message":"Request body, [object Object]","service":"api-gateway","timestamp":"2026-05-07T10:07:05.055Z"}
{"level":"warn","message":"Response received from identity service 200","service":"api-gateway","timestamp":"2026-05-07T10:07:10.200Z"}
{"level":"info","message":"Received POST request to /v1/media/upload","service":"api-gateway","timestamp":"2026-05-07T10:09:16.998Z"}
{"level":"info","message":"Request body, undefined","service":"api-gateway","timestamp":"2026-05-07T10:09:17.001Z"}
{"level":"warn","message":"Response received from media service 201","service":"api-gateway","timestamp":"2026-05-07T10:09:19.391Z"}
{"level":"info","message":"Received POST request to /v1/posts/create-post","service":"api-gateway","timestamp":"2026-05-07T10:10:29.445Z"}
{"level":"info","message":"Request body, [object Object]","service":"api-gateway","timestamp":"2026-05-07T10:10:29.447Z"}
{"level":"warn","message":"Response received from post service 201","service":"api-gateway","timestamp":"2026-05-07T10:10:32.013Z"}
{"level":"info","message":"Received GET request to /v1/posts/all-posts","service":"api-gateway","timestamp":"2026-05-07T10:10:51.283Z"}
{"level":"info","message":"Request body, undefined","service":"api-gateway","timestamp":"2026-05-07T10:10:51.285Z"}
{"level":"warn","message":"Response received from post service 200","service":"api-gateway","timestamp":"2026-05-07T10:10:51.790Z"}
{"level":"info","message":"Received DELETE request to /v1/posts/6997beabee48340afc3b6beb","service":"api-gateway","timestamp":"2026-05-07T10:11:30.881Z"}
{"level":"info","message":"Request body, undefined","service":"api-gateway","timestamp":"2026-05-07T10:11:30.881Z"}
{"level":"warn","message":"Access attempt without valid token!","service":"api-gateway","timestamp":"2026-05-07T10:11:30.881Z"}
{"level":"info","message":"Received DELETE request to /v1/posts/6997beabee48340afc3b6beb","service":"api-gateway","timestamp":"2026-05-07T10:12:11.656Z"}
{"level":"info","message":"Request body, undefined","service":"api-gateway","timestamp":"2026-05-07T10:12:11.658Z"}
{"level":"warn","message":"Response received from post service 500","service":"api-gateway","timestamp":"2026-05-07T10:12:11.930Z"}
{"level":"info","message":"Received DELETE request to /v1/posts/6997beabee48340afc3b6beb","service":"api-gateway","timestamp":"2026-05-07T10:15:44.262Z"}
{"level":"info","message":"Request body, undefined","service":"api-gateway","timestamp":"2026-05-07T10:15:44.264Z"}
{"level":"warn","message":"Response received from post service 404","service":"api-gateway","timestamp":"2026-05-07T10:15:44.514Z"}
{"level":"info","message":"Received GET request to /v1/posts/all-posts","service":"api-gateway","timestamp":"2026-05-07T10:16:14.279Z"}
{"level":"info","message":"Request body, undefined","service":"api-gateway","timestamp":"2026-05-07T10:16:14.282Z"}
{"level":"warn","message":"Response received from post service 200","service":"api-gateway","timestamp":"2026-05-07T10:16:14.714Z"}
{"level":"info","message":"Received POST request to /v1/posts/create-post","service":"api-gateway","timestamp":"2026-05-07T10:17:49.466Z"}
{"level":"info","message":"Request body, [object Object]","service":"api-gateway","timestamp":"2026-05-07T10:17:49.466Z"}
{"level":"warn","message":"Response received from post service 429","service":"api-gateway","timestamp":"2026-05-07T10:17:49.528Z"}
{"level":"info","message":"Received POST request to /v1/posts/create-post","service":"api-gateway","timestamp":"2026-05-07T10:19:43.095Z"}
{"level":"info","message":"Request body, [object Object]","service":"api-gateway","timestamp":"2026-05-07T10:19:43.096Z"}
{"level":"warn","message":"Response received from post service 429","service":"api-gateway","timestamp":"2026-05-07T10:19:43.137Z"}
{"level":"info","message":"Received GET request to /v1/media/get","service":"api-gateway","timestamp":"2026-05-08T03:16:11.316Z"}
{"level":"info","message":"Request body, undefined","service":"api-gateway","timestamp":"2026-05-08T03:16:11.351Z"}
{"level":"warn","message":"Invalid token!","service":"api-gateway","timestamp":"2026-05-08T03:16:11.611Z"}
{"level":"info","message":"Received POST request to /v1/auth/login","service":"api-gateway","timestamp":"2026-05-11T03:23:32.551Z"}
{"level":"info","message":"Request body, [object Object]","service":"api-gateway","timestamp":"2026-05-11T03:23:32.680Z"}
{"level":"warn","message":"Response received from identity service 200","service":"api-gateway","timestamp":"2026-05-11T03:23:37.184Z"}
{"level":"info","message":"Received POST request to /v1/media/upload","service":"api-gateway","timestamp":"2026-05-11T03:24:31.805Z"}
{"level":"info","message":"Request body, undefined","service":"api-gateway","timestamp":"2026-05-11T03:24:31.805Z"}
{"level":"warn","message":"Invalid token!","service":"api-gateway","timestamp":"2026-05-11T03:24:31.849Z"}
{"level":"info","message":"Received POST request to /v1/media/upload","service":"api-gateway","timestamp":"2026-05-11T03:24:40.914Z"}
{"level":"info","message":"Request body, undefined","service":"api-gateway","timestamp":"2026-05-11T03:24:40.915Z"}
{"level":"warn","message":"Response received from media service 400","service":"api-gateway","timestamp":"2026-05-11T03:24:42.426Z"}
{"level":"info","message":"Received POST request to /v1/media/upload","service":"api-gateway","timestamp":"2026-05-11T03:25:17.220Z"}
{"level":"info","message":"Request body, undefined","service":"api-gateway","timestamp":"2026-05-11T03:25:17.223Z"}
{"level":"warn","message":"Response received from media service 201","service":"api-gateway","timestamp":"2026-05-11T03:25:20.320Z"}
{"level":"info","message":"Received POST request to /v1/posts/create-post","service":"api-gateway","timestamp":"2026-05-11T03:25:48.776Z"}
{"level":"info","message":"Request body, [object Object]","service":"api-gateway","timestamp":"2026-05-11T03:25:48.778Z"}
{"level":"warn","message":"Invalid token!","service":"api-gateway","timestamp":"2026-05-11T03:25:48.783Z"}
{"level":"info","message":"Received POST request to /v1/auth/login","service":"api-gateway","timestamp":"2026-05-11T03:26:16.425Z"}
{"level":"info","message":"Request body, [object Object]","service":"api-gateway","timestamp":"2026-05-11T03:26:16.425Z"}
{"level":"warn","message":"Response received from identity service 200","service":"api-gateway","timestamp":"2026-05-11T03:26:17.094Z"}
{"level":"info","message":"Received POST request to /v1/posts/create-post","service":"api-gateway","timestamp":"2026-05-11T03:26:41.222Z"}
{"level":"info","message":"Request body, [object Object]","service":"api-gateway","timestamp":"2026-05-11T03:26:41.223Z"}
{"level":"warn","message":"Response received from post service 201","service":"api-gateway","timestamp":"2026-05-11T03:26:43.849Z"}
{"level":"info","message":"Received GET request to /v1/posts/all-posts","service":"api-gateway","timestamp":"2026-05-11T03:27:19.853Z"}
{"level":"info","message":"Request body, undefined","service":"api-gateway","timestamp":"2026-05-11T03:27:19.853Z"}
{"level":"warn","message":"Response received from post service 200","service":"api-gateway","timestamp":"2026-05-11T03:27:20.390Z"}
{"level":"info","message":"Received DELETE request to /v1/posts/6a014c7189c5e08d56c4ba7a","service":"api-gateway","timestamp":"2026-05-11T03:27:58.460Z"}
{"level":"info","message":"Request body, undefined","service":"api-gateway","timestamp":"2026-05-11T03:27:58.461Z"}
{"level":"warn","message":"Invalid token!","service":"api-gateway","timestamp":"2026-05-11T03:27:58.462Z"}
{"level":"info","message":"Received DELETE request to /v1/posts/6a014c7189c5e08d56c4ba7a","service":"api-gateway","timestamp":"2026-05-11T03:28:45.151Z"}
{"level":"info","message":"Request body, undefined","service":"api-gateway","timestamp":"2026-05-11T03:28:45.151Z"}
{"level":"warn","message":"Response received from post service 500","service":"api-gateway","timestamp":"2026-05-11T03:28:45.416Z"}
{"level":"info","message":"Received GET request to /v1/posts/all-posts","service":"api-gateway","timestamp":"2026-05-11T03:29:12.579Z"}
{"level":"info","message":"Request body, undefined","service":"api-gateway","timestamp":"2026-05-11T03:29:12.582Z"}
{"level":"warn","message":"Response received from post service 200","service":"api-gateway","timestamp":"2026-05-11T03:29:12.631Z"}
{"level":"info","message":"Received DELETE request to /v1/posts/6a014c7189c5e08d56c4ba7a","service":"api-gateway","timestamp":"2026-05-11T03:33:51.047Z"}
{"level":"info","message":"Request body, undefined","service":"api-gateway","timestamp":"2026-05-11T03:33:51.049Z"}
{"level":"warn","message":"Response received from post service 404","service":"api-gateway","timestamp":"2026-05-11T03:33:51.369Z"}
{"level":"info","message":"Received GET request to /v1/posts/all-posts","service":"api-gateway","timestamp":"2026-05-11T03:35:02.346Z"}
{"level":"info","message":"Request body, undefined","service":"api-gateway","timestamp":"2026-05-11T03:35:02.349Z"}
{"level":"warn","message":"Response received from post service 200","service":"api-gateway","timestamp":"2026-05-11T03:35:02.837Z"}
{"level":"info","message":"Received DELETE request to /v1/posts/6a014c7189c5e08d56c4ba7a","service":"api-gateway","timestamp":"2026-05-11T03:41:31.487Z"}
{"level":"info","message":"Request body, undefined","service":"api-gateway","timestamp":"2026-05-11T03:41:31.490Z"}
{"level":"warn","message":"Response received from post service 404","service":"api-gateway","timestamp":"2026-05-11T03:41:31.809Z"}
{"level":"info","message":"API gateway is running on port 3000","service":"api-gateway","timestamp":"2026-05-11T03:49:16.505Z"}
{"level":"info","message":"Identity service is running on port http://localhost:3001","service":"api-gateway","timestamp":"2026-05-11T03:49:16.509Z"}
{"level":"info","message":"Post service is running on port http://localhost:3002","service":"api-gateway","timestamp":"2026-05-11T03:49:16.509Z"}
{"level":"info","message":"Media service is running on port http://localhost:3003","service":"api-gateway","timestamp":"2026-05-11T03:49:16.509Z"}
{"level":"info","message":"Redis Url redis://localhost:6379","service":"api-gateway","timestamp":"2026-05-11T03:49:16.510Z"}
{"level":"info","message":"Received POST request to /v1/media/upload","service":"api-gateway","timestamp":"2026-05-11T03:51:34.206Z"}
{"level":"info","message":"Request body, undefined","service":"api-gateway","timestamp":"2026-05-11T03:51:34.207Z"}
{"level":"warn","message":"Response received from media service 201","service":"api-gateway","timestamp":"2026-05-11T03:51:35.799Z"}
{"level":"info","message":"Received POST request to /v1/posts/create-post","service":"api-gateway","timestamp":"2026-05-11T03:51:58.472Z"}
{"level":"info","message":"Request body, [object Object]","service":"api-gateway","timestamp":"2026-05-11T03:51:58.472Z"}
{"level":"warn","message":"Response received from post service 201","service":"api-gateway","timestamp":"2026-05-11T03:51:58.825Z"}
{"level":"info","message":"Received GET request to /v1/posts/all-posts","service":"api-gateway","timestamp":"2026-05-11T03:52:11.517Z"}
{"level":"info","message":"Request body, undefined","service":"api-gateway","timestamp":"2026-05-11T03:52:11.517Z"}
{"level":"warn","message":"Response received from post service 200","service":"api-gateway","timestamp":"2026-05-11T03:52:11.960Z"}
{"level":"info","message":"Received DELETE request to /v1/posts/6a01525ecdd2b70361f80e93","service":"api-gateway","timestamp":"2026-05-11T03:52:47.397Z"}
{"level":"info","message":"Request body, undefined","service":"api-gateway","timestamp":"2026-05-11T03:52:47.397Z"}
{"level":"warn","message":"Response received from post service 200","service":"api-gateway","timestamp":"2026-05-11T03:52:47.608Z"}
{"level":"info","message":"API gateway is running on port 3000","service":"api-gateway","timestamp":"2026-05-13T11:18:58.208Z"}
{"level":"info","message":"Identity service is running on port http://localhost:3001","service":"api-gateway","timestamp":"2026-05-13T11:18:58.473Z"}
{"level":"info","message":"Post service is running on port http://localhost:3002","service":"api-gateway","timestamp":"2026-05-13T11:18:58.476Z"}
{"level":"info","message":"Media service is running on port http://localhost:3003","service":"api-gateway","timestamp":"2026-05-13T11:18:58.484Z"}
{"level":"info","message":"Search service is running on port http://localhost:3004","service":"api-gateway","timestamp":"2026-05-13T11:18:58.486Z"}
{"level":"info","message":"Redis Url redis://localhost:6379","service":"api-gateway","timestamp":"2026-05-13T11:18:58.496Z"}
{"level":"info","message":"Received POST request to /v1/auth/login","service":"api-gateway","timestamp":"2026-05-13T12:56:56.398Z"}
{"level":"info","message":"Request body, [object Object]","service":"api-gateway","timestamp":"2026-05-13T12:56:56.401Z"}
{"level":"warn","message":"Response received from identity service 200","service":"api-gateway","timestamp":"2026-05-13T12:57:02.867Z"}
{"level":"info","message":"Received POST request to /v1/posts/create-post","service":"api-gateway","timestamp":"2026-05-13T12:58:32.916Z"}
{"level":"info","message":"Request body, [object Object]","service":"api-gateway","timestamp":"2026-05-13T12:58:32.918Z"}
{"level":"warn","message":"Response received from post service 201","service":"api-gateway","timestamp":"2026-05-13T12:58:35.494Z"}
{"level":"info","message":"Received GET request to /v1/media/get","service":"api-gateway","timestamp":"2026-05-13T13:00:05.948Z"}
{"level":"info","message":"Request body, undefined","service":"api-gateway","timestamp":"2026-05-13T13:00:05.948Z"}
{"level":"warn","message":"Response received from media service 200","service":"api-gateway","timestamp":"2026-05-13T13:00:08.043Z"}
{"level":"info","message":"Received POST request to /v1/posts/create-post","service":"api-gateway","timestamp":"2026-05-13T13:05:21.332Z"}
{"level":"info","message":"Request body, [object Object]","service":"api-gateway","timestamp":"2026-05-13T13:05:21.335Z"}
{"level":"warn","message":"Response received from post service 201","service":"api-gateway","timestamp":"2026-05-13T13:05:21.766Z"}
{"level":"info","message":"Received POST request to /v1/posts/create-post","service":"api-gateway","timestamp":"2026-05-13T13:47:58.549Z"}
{"level":"info","message":"Request body, [object Object]","service":"api-gateway","timestamp":"2026-05-13T13:47:58.557Z"}
{"level":"warn","message":"Response received from post service 201","service":"api-gateway","timestamp":"2026-05-13T13:47:58.890Z"}
{"level":"info","message":"Received POST request to /v1/posts/create-post","service":"api-gateway","timestamp":"2026-05-13T13:52:46.537Z"}
{"level":"info","message":"Request body, [object Object]","service":"api-gateway","timestamp":"2026-05-13T13:52:46.538Z"}
{"level":"warn","message":"Response received from post service 201","service":"api-gateway","timestamp":"2026-05-13T13:52:46.810Z"}
{"level":"info","message":"API gateway is running on port 3000","service":"api-gateway","timestamp":"2026-05-13T13:54:58.949Z"}
{"level":"info","message":"Identity service is running on port http://localhost:3001","service":"api-gateway","timestamp":"2026-05-13T13:54:58.952Z"}
{"level":"info","message":"Post service is running on port http://localhost:3002","service":"api-gateway","timestamp":"2026-05-13T13:54:58.952Z"}
{"level":"info","message":"Media service is running on port http://localhost:3003","service":"api-gateway","timestamp":"2026-05-13T13:54:58.953Z"}
{"level":"info","message":"Search service is running on port http://localhost:3004","service":"api-gateway","timestamp":"2026-05-13T13:54:58.953Z"}
{"level":"info","message":"Redis Url redis://localhost:6379","service":"api-gateway","timestamp":"2026-05-13T13:54:58.954Z"}
{"level":"info","message":"Received POST request to /v1/posts/create-post","service":"api-gateway","timestamp":"2026-05-13T13:56:35.106Z"}
{"level":"info","message":"Request body, [object Object]","service":"api-gateway","timestamp":"2026-05-13T13:56:35.109Z"}
{"level":"warn","message":"Response received from post service 201","service":"api-gateway","timestamp":"2026-05-13T13:56:35.508Z"}
{"level":"info","message":"Received POST request to /v1/posts/create-post","service":"api-gateway","timestamp":"2026-05-13T19:46:54.653Z"}
{"level":"info","message":"Request body, [object Object]","service":"api-gateway","timestamp":"2026-05-13T19:46:54.659Z"}
{"level":"warn","message":"Invalid token!","service":"api-gateway","timestamp":"2026-05-13T19:46:54.712Z"}
{"level":"info","message":"API gateway is running on port 3000","service":"api-gateway","timestamp":"2026-05-15T10:19:31.404Z"}
{"level":"info","message":"Identity service is running on port http://localhost:3001","service":"api-gateway","timestamp":"2026-05-15T10:19:31.409Z"}
{"level":"info","message":"Post service is running on port http://localhost:3002","service":"api-gateway","timestamp":"2026-05-15T10:19:31.411Z"}
{"level":"info","message":"Media service is running on port http://localhost:3003","service":"api-gateway","timestamp":"2026-05-15T10:19:31.412Z"}
{"level":"info","message":"Search service is running on port http://localhost:3004","service":"api-gateway","timestamp":"2026-05-15T10:19:31.412Z"}
{"level":"info","message":"Redis Url redis://localhost:6379","service":"api-gateway","timestamp":"2026-05-15T10:19:31.412Z"}
{"level":"info","message":"Received POST request to /v1/auth/login","service":"api-gateway","timestamp":"2026-05-15T10:20:12.855Z"}
{"level":"info","message":"Request body, [object Object]","service":"api-gateway","timestamp":"2026-05-15T10:20:12.856Z"}
{"level":"warn","message":"Response received from identity service 200","service":"api-gateway","timestamp":"2026-05-15T10:20:13.620Z"}
{"level":"info","message":"Received POST request to /v1/posts/create-post","service":"api-gateway","timestamp":"2026-05-15T10:20:43.161Z"}
{"level":"info","message":"Request body, [object Object]","service":"api-gateway","timestamp":"2026-05-15T10:20:43.163Z"}
{"level":"warn","message":"Response received from post service 201","service":"api-gateway","timestamp":"2026-05-15T10:20:43.565Z"}
{"level":"info","message":"Received POST request to /v1/posts/create-post","service":"api-gateway","timestamp":"2026-05-15T10:24:09.623Z"}
{"level":"info","message":"Request body, [object Object]","service":"api-gateway","timestamp":"2026-05-15T10:24:09.624Z"}
{"level":"warn","message":"Response received from post service 201","service":"api-gateway","timestamp":"2026-05-15T10:24:09.884Z"}
{"level":"info","message":"Received POST request to /v1/posts/create-post","service":"api-gateway","timestamp":"2026-05-15T10:24:42.496Z"}
{"level":"info","message":"Request body, [object Object]","service":"api-gateway","timestamp":"2026-05-15T10:24:42.496Z"}
{"level":"warn","message":"Response received from post service 201","service":"api-gateway","timestamp":"2026-05-15T10:24:42.743Z"}
{"level":"info","message":"Received POST request to /v1/posts/create-post","service":"api-gateway","timestamp":"2026-05-15T10:37:48.369Z"}
{"level":"info","message":"Request body, [object Object]","service":"api-gateway","timestamp":"2026-05-15T10:37:48.370Z"}
{"level":"warn","message":"Response received from post service 201","service":"api-gateway","timestamp":"2026-05-15T10:37:48.786Z"}
{"level":"info","message":"Received POST request to /v1/posts/create-post","service":"api-gateway","timestamp":"2026-05-15T10:39:05.055Z"}
{"level":"info","message":"Request body, [object Object]","service":"api-gateway","timestamp":"2026-05-15T10:39:05.055Z"}
{"level":"warn","message":"Response received from post service 201","service":"api-gateway","timestamp":"2026-05-15T10:39:05.409Z"}
