{"level":"info","message":"Post service running on port 3002","service":"post-service","timestamp":"2026-02-19T08:07:08.007Z"}
{"level":"info","message":"Connected to mongodb","service":"post-service","timestamp":"2026-02-19T08:07:12.934Z"}
{"level":"info","message":"Post service running on port 3002","service":"post-service","timestamp":"2026-02-20T01:25:17.272Z"}
{"level":"info","message":"Connected to mongodb","service":"post-service","timestamp":"2026-02-20T01:25:19.297Z"}
{"level":"info","message":"Received POST request to /api/posts/create-post","service":"post-service","timestamp":"2026-02-20T01:32:16.679Z"}
{"level":"info","message":"Request body, [object Object]","service":"post-service","timestamp":"2026-02-20T01:32:16.684Z"}
{"_message":"Post validation failed","errors":{"content":{"kind":"required","message":"Path `content` is required.","name":"ValidatorError","path":"content","properties":{"message":"Path `content` is required.","path":"content","type":"required"}}},"level":"error","message":"Error creating post Post validation failed: content: Path `content` is required.","service":"post-service","stack":"ValidationError: Post validation failed: content: Path `content` is required.\n    at Document.invalidate (/Users/mac/Documents/Portfolio/Backend/Node:Nest/social-media-microservices/post-service/node_modules/mongoose/lib/document.js:3405:32)\n    at validatePath (/Users/mac/Documents/Portfolio/Backend/Node:Nest/social-media-microservices/post-service/node_modules/mongoose/lib/document.js:3177:13)\n    at process.processTicksAndRejections (node:internal/process/task_queues:103:5)\n    at async Promise.all (index 1)\n    at async model.$__validate (/Users/mac/Documents/Portfolio/Backend/Node:Nest/social-media-microservices/post-service/node_modules/mongoose/lib/document.js:3118:3)\n    at async model.validate (/Users/mac/Documents/Portfolio/Backend/Node:Nest/social-media-microservices/post-service/node_modules/mongoose/lib/document.js:2687:5)\n    at async model.validateBeforeSavePreSave (/Users/mac/Documents/Portfolio/Backend/Node:Nest/social-media-microservices/post-service/node_modules/mongoose/lib/plugins/validateBeforeSave.js:39:5)\n    at async Kareem.execPre (/Users/mac/Documents/Portfolio/Backend/Node:Nest/social-media-microservices/post-service/node_modules/kareem/index.js:70:24)\n    at async model.$__save (/Users/mac/Documents/Portfolio/Backend/Node:Nest/social-media-microservices/post-service/node_modules/mongoose/lib/model.js:371:5)\n    at async model.save (/Users/mac/Documents/Portfolio/Backend/Node:Nest/social-media-microservices/post-service/node_modules/mongoose/lib/model.js:614:5)","timestamp":"2026-02-20T01:32:16.740Z"}
{"level":"info","message":"Received POST request to /api/posts/create-post","service":"post-service","timestamp":"2026-02-20T01:33:36.929Z"}
{"level":"info","message":"Request body, [object Object]","service":"post-service","timestamp":"2026-02-20T01:33:36.930Z"}
{"_message":"Post validation failed","errors":{"content":{"kind":"required","message":"Path `content` is required.","name":"ValidatorError","path":"content","properties":{"message":"Path `content` is required.","path":"content","type":"required"}}},"level":"error","message":"Error creating post Post validation failed: content: Path `content` is required.","service":"post-service","stack":"ValidationError: Post validation failed: content: Path `content` is required.\n    at Document.invalidate (/Users/mac/Documents/Portfolio/Backend/Node:Nest/social-media-microservices/post-service/node_modules/mongoose/lib/document.js:3405:32)\n    at validatePath (/Users/mac/Documents/Portfolio/Backend/Node:Nest/social-media-microservices/post-service/node_modules/mongoose/lib/document.js:3177:13)\n    at process.processTicksAndRejections (node:internal/process/task_queues:103:5)\n    at async Promise.all (index 1)\n    at async model.$__validate (/Users/mac/Documents/Portfolio/Backend/Node:Nest/social-media-microservices/post-service/node_modules/mongoose/lib/document.js:3118:3)\n    at async model.validate (/Users/mac/Documents/Portfolio/Backend/Node:Nest/social-media-microservices/post-service/node_modules/mongoose/lib/document.js:2687:5)\n    at async model.validateBeforeSavePreSave (/Users/mac/Documents/Portfolio/Backend/Node:Nest/social-media-microservices/post-service/node_modules/mongoose/lib/plugins/validateBeforeSave.js:39:5)\n    at async Kareem.execPre (/Users/mac/Documents/Portfolio/Backend/Node:Nest/social-media-microservices/post-service/node_modules/kareem/index.js:70:24)\n    at async model.$__save (/Users/mac/Documents/Portfolio/Backend/Node:Nest/social-media-microservices/post-service/node_modules/mongoose/lib/model.js:371:5)\n    at async model.save (/Users/mac/Documents/Portfolio/Backend/Node:Nest/social-media-microservices/post-service/node_modules/mongoose/lib/model.js:614:5)","timestamp":"2026-02-20T01:33:36.935Z"}
{"level":"info","message":"Received POST request to /api/posts/create-post","service":"post-service","timestamp":"2026-02-20T01:37:04.672Z"}
{"level":"info","message":"Request body, [object Object]","service":"post-service","timestamp":"2026-02-20T01:37:04.672Z"}
{"_message":"Post validation failed","errors":{"content":{"kind":"required","message":"Path `content` is required.","name":"ValidatorError","path":"content","properties":{"message":"Path `content` is required.","path":"content","type":"required"}}},"level":"error","message":"Error creating post Post validation failed: content: Path `content` is required.","service":"post-service","stack":"ValidationError: Post validation failed: content: Path `content` is required.\n    at Document.invalidate (/Users/mac/Documents/Portfolio/Backend/Node:Nest/social-media-microservices/post-service/node_modules/mongoose/lib/document.js:3405:32)\n    at validatePath (/Users/mac/Documents/Portfolio/Backend/Node:Nest/social-media-microservices/post-service/node_modules/mongoose/lib/document.js:3177:13)\n    at process.processTicksAndRejections (node:internal/process/task_queues:103:5)\n    at async Promise.all (index 1)\n    at async model.$__validate (/Users/mac/Documents/Portfolio/Backend/Node:Nest/social-media-microservices/post-service/node_modules/mongoose/lib/document.js:3118:3)\n    at async model.validate (/Users/mac/Documents/Portfolio/Backend/Node:Nest/social-media-microservices/post-service/node_modules/mongoose/lib/document.js:2687:5)\n    at async model.validateBeforeSavePreSave (/Users/mac/Documents/Portfolio/Backend/Node:Nest/social-media-microservices/post-service/node_modules/mongoose/lib/plugins/validateBeforeSave.js:39:5)\n    at async Kareem.execPre (/Users/mac/Documents/Portfolio/Backend/Node:Nest/social-media-microservices/post-service/node_modules/kareem/index.js:70:24)\n    at async model.$__save (/Users/mac/Documents/Portfolio/Backend/Node:Nest/social-media-microservices/post-service/node_modules/mongoose/lib/model.js:371:5)\n    at async model.save (/Users/mac/Documents/Portfolio/Backend/Node:Nest/social-media-microservices/post-service/node_modules/mongoose/lib/model.js:614:5)","timestamp":"2026-02-20T01:37:04.675Z"}
{"level":"info","message":"Received POST request to /api/posts/create-post","service":"post-service","timestamp":"2026-02-20T01:40:40.870Z"}
{"level":"info","message":"Request body, [object Object]","service":"post-service","timestamp":"2026-02-20T01:40:40.871Z"}
{"_message":"Post validation failed","errors":{"content":{"kind":"required","message":"Path `content` is required.","name":"ValidatorError","path":"content","properties":{"message":"Path `content` is required.","path":"content","type":"required"}}},"level":"error","message":"Error creating post Post validation failed: content: Path `content` is required.","service":"post-service","stack":"ValidationError: Post validation failed: content: Path `content` is required.\n    at Document.invalidate (/Users/mac/Documents/Portfolio/Backend/Node:Nest/social-media-microservices/post-service/node_modules/mongoose/lib/document.js:3405:32)\n    at validatePath (/Users/mac/Documents/Portfolio/Backend/Node:Nest/social-media-microservices/post-service/node_modules/mongoose/lib/document.js:3177:13)\n    at process.processTicksAndRejections (node:internal/process/task_queues:103:5)\n    at async Promise.all (index 1)\n    at async model.$__validate (/Users/mac/Documents/Portfolio/Backend/Node:Nest/social-media-microservices/post-service/node_modules/mongoose/lib/document.js:3118:3)\n    at async model.validate (/Users/mac/Documents/Portfolio/Backend/Node:Nest/social-media-microservices/post-service/node_modules/mongoose/lib/document.js:2687:5)\n    at async model.validateBeforeSavePreSave (/Users/mac/Documents/Portfolio/Backend/Node:Nest/social-media-microservices/post-service/node_modules/mongoose/lib/plugins/validateBeforeSave.js:39:5)\n    at async Kareem.execPre (/Users/mac/Documents/Portfolio/Backend/Node:Nest/social-media-microservices/post-service/node_modules/kareem/index.js:70:24)\n    at async model.$__save (/Users/mac/Documents/Portfolio/Backend/Node:Nest/social-media-microservices/post-service/node_modules/mongoose/lib/model.js:371:5)\n    at async model.save (/Users/mac/Documents/Portfolio/Backend/Node:Nest/social-media-microservices/post-service/node_modules/mongoose/lib/model.js:614:5)","timestamp":"2026-02-20T01:40:40.873Z"}
{"level":"info","message":"Post service running on port 3002","service":"post-service","timestamp":"2026-02-20T01:51:59.633Z"}
{"level":"info","message":"Connected to mongodb","service":"post-service","timestamp":"2026-02-20T01:52:01.720Z"}
{"level":"info","message":"Received POST request to /api/posts/create-post","service":"post-service","timestamp":"2026-02-20T01:52:18.118Z"}
{"level":"info","message":"Request body, [object Object]","service":"post-service","timestamp":"2026-02-20T01:52:18.119Z"}
{"level":"info","message":"Create post endpoint hit...","service":"post-service","timestamp":"2026-02-20T01:52:18.130Z"}
{"0":"\"","1":"c","10":"i","11":"s","12":" ","13":"r","14":"e","15":"q","16":"u","17":"i","18":"r","19":"e","2":"o","20":"d","3":"n","4":"t","5":"e","6":"n","7":"t","8":"\"","9":" ","level":"warn","message":"Validation error","service":"post-service","timestamp":"2026-02-20T01:52:18.136Z"}
{"level":"info","message":"Received POST request to /api/posts/create-post","service":"post-service","timestamp":"2026-02-20T01:53:47.933Z"}
{"level":"info","message":"Request body, [object Object]","service":"post-service","timestamp":"2026-02-20T01:53:47.934Z"}
{"level":"info","message":"Create post endpoint hit...","service":"post-service","timestamp":"2026-02-20T01:53:47.939Z"}
{"$__":{"$versionError":null,"activePaths":{"paths":{"content":"require","user":"require"},"states":{"default":{},"modify":{},"require":{"content":true,"user":true}}},"backup":{"activePaths":{"default":{"_id":true,"createdAt":true},"modify":{"content":true,"mediaIds":true,"updatedAt":true,"user":true}},"validationError":null},"cachedRequired":{},"inserting":true,"op":null,"pathsToScopes":{"mediaIds":{"__v":0,"_id":"6997beabee48340afc3b6beb","content":"New post create","createdAt":"2026-02-20T01:53:47.955Z","mediaIds":[],"updatedAt":"2026-02-20T01:53:47.955Z","user":"69929611744b40db6e96ab62"}},"saveOptions":null,"savedState":{},"saving":null,"validating":null},"$isNew":false,"_doc":{"__v":0,"_id":"6997beabee48340afc3b6beb","content":"New post create","createdAt":"2026-02-20T01:53:47.955Z","mediaIds":[],"updatedAt":"2026-02-20T01:53:47.955Z","user":"69929611744b40db6e96ab62"},"level":"info","message":"Post created successfully","service":"post-service","timestamp":"2026-02-20T01:53:48.176Z"}
{"level":"info","message":"Post service running on port 3002","service":"post-service","timestamp":"2026-02-23T16:42:27.246Z"}
{"level":"info","message":"Connected to mongodb","service":"post-service","timestamp":"2026-02-23T16:42:29.342Z"}
{"level":"info","message":"Post service running on port 3002","service":"post-service","timestamp":"2026-02-23T16:47:08.422Z"}
{"level":"info","message":"Connected to mongodb","service":"post-service","timestamp":"2026-02-23T16:47:10.638Z"}
{"level":"info","message":"Post service running on port 3002","service":"post-service","timestamp":"2026-02-23T16:51:15.383Z"}
{"level":"info","message":"Connected to mongodb","service":"post-service","timestamp":"2026-02-23T16:51:17.629Z"}
{"level":"info","message":"Received GET request to /api/posts/all-posts","service":"post-service","timestamp":"2026-02-23T16:52:07.724Z"}
{"level":"info","message":"Request body, [object Object]","service":"post-service","timestamp":"2026-02-23T16:52:07.725Z"}
{"level":"info","message":"Received GET request to /api/posts/all-posts","service":"post-service","timestamp":"2026-02-23T16:52:55.323Z"}
{"level":"info","message":"Request body, [object Object]","service":"post-service","timestamp":"2026-02-23T16:52:55.323Z"}
{"level":"info","message":"Post service running on port 3002","service":"post-service","timestamp":"2026-04-24T10:10:09.090Z"}
{"level":"info","message":"Connected to mongodb","service":"post-service","timestamp":"2026-04-24T10:10:11.068Z"}
{"level":"info","message":"Post service running on port 3002","service":"post-service","timestamp":"2026-04-24T11:50:32.440Z"}
{"level":"info","message":"Connected to mongodb","service":"post-service","timestamp":"2026-04-24T11:50:34.286Z"}
{"level":"info","message":"Received POST request to /api/posts/create-post","service":"post-service","timestamp":"2026-04-25T01:55:56.038Z"}
{"level":"info","message":"Request body, [object Object]","service":"post-service","timestamp":"2026-04-25T01:55:56.066Z"}
{"level":"info","message":"Create post endpoint hit...","service":"post-service","timestamp":"2026-04-25T01:55:56.140Z"}
{"$__":{"$versionError":null,"activePaths":{"paths":{"content":"require","user":"require"},"states":{"default":{},"modify":{},"require":{"content":true,"user":true}}},"backup":{"activePaths":{"default":{"_id":true,"createdAt":true},"modify":{"content":true,"mediaIds":true,"updatedAt":true,"user":true}},"validationError":null},"cachedRequired":{},"inserting":true,"op":null,"pathsToScopes":{"mediaIds":{"__v":0,"_id":"69ec1f2c4ba61829877efaf6","content":"New post create","createdAt":"2026-04-25T01:55:56.213Z","mediaIds":["69eb4c25f4bcb8b7cc8e4cd2"],"updatedAt":"2026-04-25T01:55:56.213Z","user":"69929611744b40db6e96ab62"}},"saveOptions":null,"savedState":{},"saving":null,"validating":null},"$isNew":false,"_doc":{"__v":0,"_id":"69ec1f2c4ba61829877efaf6","content":"New post create","createdAt":"2026-04-25T01:55:56.213Z","mediaIds":["69eb4c25f4bcb8b7cc8e4cd2"],"updatedAt":"2026-04-25T01:55:56.213Z","user":"69929611744b40db6e96ab62"},"level":"info","message":"Post created successfully","service":"post-service","timestamp":"2026-04-25T01:55:57.629Z"}
{"level":"info","message":"Received GET request to /api/posts/all-posts","service":"post-service","timestamp":"2026-04-25T01:56:18.968Z"}
{"level":"info","message":"Request body, [object Object]","service":"post-service","timestamp":"2026-04-25T01:56:18.968Z"}
{"level":"info","message":"Connected to rabbit mq","service":"post-service","timestamp":"2026-04-28T12:00:54.406Z"}
{"level":"info","message":"Post service running on port 3002","service":"post-service","timestamp":"2026-04-28T12:00:54.413Z"}
{"level":"info","message":"Connected to mongodb","service":"post-service","timestamp":"2026-04-28T12:00:56.877Z"}
{"code":"ECONNREFUSED","level":"error","message":"Error connecting to rabbitmq","service":"post-service","stack":"AggregateError [ECONNREFUSED]: \n    at internalConnectMultiple (node:net:1134:18)\n    at afterConnectMultiple (node:net:1715:7)","timestamp":"2026-05-02T13:22:49.929Z"}
{"level":"info","message":"Post service running on port 3002","service":"post-service","timestamp":"2026-05-02T13:22:49.952Z"}
{"level":"info","message":"Connected to mongodb","service":"post-service","timestamp":"2026-05-02T13:22:51.708Z"}
{"level":"info","message":"Connected to rabbit mq","service":"post-service","timestamp":"2026-05-02T13:23:48.849Z"}
{"level":"info","message":"Post service running on port 3002","service":"post-service","timestamp":"2026-05-02T13:23:48.854Z"}
{"level":"info","message":"Connected to mongodb","service":"post-service","timestamp":"2026-05-02T13:23:50.806Z"}
{"level":"info","message":"Connected to rabbit mq","service":"post-service","timestamp":"2026-05-03T01:59:11.827Z"}
{"level":"info","message":"Post service running on port 3002","service":"post-service","timestamp":"2026-05-03T01:59:11.835Z"}
{"level":"info","message":"Connected to mongodb","service":"post-service","timestamp":"2026-05-03T01:59:13.430Z"}
{"level":"info","message":"Connected to rabbit mq","service":"post-service","timestamp":"2026-05-03T02:04:55.070Z"}
{"level":"info","message":"Post service running on port 3002","service":"post-service","timestamp":"2026-05-03T02:04:55.084Z"}
{"level":"info","message":"Connected to mongodb","service":"post-service","timestamp":"2026-05-03T02:04:58.372Z"}
{"level":"info","message":"Connected to rabbit mq","service":"post-service","timestamp":"2026-05-03T03:27:10.799Z"}
{"level":"info","message":"Post service running on port 3002","service":"post-service","timestamp":"2026-05-03T03:27:10.807Z"}
{"level":"info","message":"Connected to mongodb","service":"post-service","timestamp":"2026-05-03T03:27:12.429Z"}
{"level":"info","message":"Connected to rabbit mq","service":"post-service","timestamp":"2026-05-07T02:45:35.098Z"}
{"level":"info","message":"Identity service running on port 3002","service":"post-service","timestamp":"2026-05-07T02:45:35.112Z"}
{"level":"info","message":"Connected to mongodb","service":"post-service","timestamp":"2026-05-07T02:45:36.494Z"}
{"level":"info","message":"Connected to rabbit mq","service":"post-service","timestamp":"2026-05-07T02:45:58.732Z"}
{"level":"info","message":"Post service running on port 3002","service":"post-service","timestamp":"2026-05-07T02:45:58.753Z"}
{"level":"info","message":"Connected to mongodb","service":"post-service","timestamp":"2026-05-07T02:46:00.106Z"}
{"level":"info","message":"Received POST request to /api/posts/create-post","service":"post-service","timestamp":"2026-05-07T10:10:30.049Z"}
{"level":"info","message":"Request body, [object Object]","service":"post-service","timestamp":"2026-05-07T10:10:30.071Z"}
{"level":"info","message":"Create post endpoint hit...","service":"post-service","timestamp":"2026-05-07T10:10:30.153Z"}
{"$__":{"$versionError":null,"activePaths":{"paths":{"content":"require","user":"require"},"states":{"default":{},"modify":{},"require":{"content":true,"user":true}}},"backup":{"activePaths":{"default":{"_id":true,"createdAt":true},"modify":{"content":true,"mediaIds":true,"updatedAt":true,"user":true}},"validationError":null},"cachedRequired":{},"inserting":true,"op":null,"pathsToScopes":{"mediaIds":{"__v":0,"_id":"69fc651689c5e08d56c4ba72","content":"New post create 4","createdAt":"2026-05-07T10:10:30.349Z","mediaIds":["69fc64ce6e6255c41fa69729"],"updatedAt":"2026-05-07T10:10:30.349Z","user":"69929611744b40db6e96ab62"}},"saveOptions":null,"savedState":{},"saving":null,"validating":null},"$isNew":false,"_doc":{"__v":0,"_id":"69fc651689c5e08d56c4ba72","content":"New post create 4","createdAt":"2026-05-07T10:10:30.349Z","mediaIds":["69fc64ce6e6255c41fa69729"],"updatedAt":"2026-05-07T10:10:30.349Z","user":"69929611744b40db6e96ab62"},"level":"info","message":"Post created successfully","service":"post-service","timestamp":"2026-05-07T10:10:31.989Z"}
{"level":"info","message":"Received GET request to /api/posts/all-posts","service":"post-service","timestamp":"2026-05-07T10:10:51.299Z"}
{"level":"info","message":"Request body, [object Object]","service":"post-service","timestamp":"2026-05-07T10:10:51.300Z"}
{"level":"info","message":"Received DELETE request to /api/posts/6997beabee48340afc3b6beb","service":"post-service","timestamp":"2026-05-07T10:12:11.670Z"}
{"level":"info","message":"Request body, [object Object]","service":"post-service","timestamp":"2026-05-07T10:12:11.671Z"}
{"level":"error","message":"Channel closed","service":"post-service","stack":"IllegalOperationError: Channel closed\n    at Channel.<anonymous> (/Users/mac/Documents/Portfolio/Backend/Node:Nest/social-media-microservices/post-service/node_modules/amqplib/lib/channel.js:348:11)\n    at Channel.publish (/Users/mac/Documents/Portfolio/Backend/Node:Nest/social-media-microservices/post-service/node_modules/amqplib/lib/channel_model.js:129:17)\n    at publishEvent (/Users/mac/Documents/Portfolio/Backend/Node:Nest/social-media-microservices/post-service/src/utils/rabbitmq.js:27:11)\n    at deletePost (/Users/mac/Documents/Portfolio/Backend/Node:Nest/social-media-microservices/post-service/src/controllers/post-controller.js:141:11)\n    at process.processTicksAndRejections (node:internal/process/task_queues:103:5)","stackAtStateChange":"Stack capture: Connection closed: 320 (CONNECTION-FORCED) with message \"CONNECTION_FORCED - broker forced connection closure with reason 'shutdown'\"\n    at Object.accept (/Users/mac/Documents/Portfolio/Backend/Node:Nest/social-media-microservices/post-service/node_modules/amqplib/lib/connection.js:576:17)\n    at Connection.mainAccept [as accept] (/Users/mac/Documents/Portfolio/Backend/Node:Nest/social-media-microservices/post-service/node_modules/amqplib/lib/connection.js:549:24)\n    at Socket.go (/Users/mac/Documents/Portfolio/Backend/Node:Nest/social-media-microservices/post-service/node_modules/amqplib/lib/connection.js:410:16)\n    at Socket.emit (node:events:508:28)\n    at emitReadable_ (node:internal/streams/readable:832:12)\n    at process.processTicksAndRejections (node:internal/process/task_queues:88:21)","timestamp":"2026-05-07T10:12:11.925Z"}
{"level":"info","message":"Received DELETE request to /api/posts/6997beabee48340afc3b6beb","service":"post-service","timestamp":"2026-05-07T10:15:44.305Z"}
{"level":"info","message":"Request body, [object Object]","service":"post-service","timestamp":"2026-05-07T10:15:44.309Z"}
{"level":"error","message":"Error deleting post Cannot read properties of null (reading '_id')","service":"post-service","stack":"TypeError: Cannot read properties of null (reading '_id')\n    at deletePost (/Users/mac/Documents/Portfolio/Backend/Node:Nest/social-media-microservices/post-service/src/controllers/post-controller.js:142:20)\n    at process.processTicksAndRejections (node:internal/process/task_queues:103:5)","timestamp":"2026-05-07T10:15:44.514Z"}
{"level":"error","message":"Error [ERR_HTTP_HEADERS_SENT]: Cannot set headers after they are sent to the client\n    at ServerResponse.setHeader (node:_http_outgoing:642:11)\n    at ServerResponse.header (/Users/mac/Documents/Portfolio/Backend/Node:Nest/social-media-microservices/post-service/node_modules/express/lib/response.js:686:10)\n    at ServerResponse.send (/Users/mac/Documents/Portfolio/Backend/Node:Nest/social-media-microservices/post-service/node_modules/express/lib/response.js:163:12)\n    at ServerResponse.json (/Users/mac/Documents/Portfolio/Backend/Node:Nest/social-media-microservices/post-service/node_modules/express/lib/response.js:252:15)\n    at deletePost (/Users/mac/Documents/Portfolio/Backend/Node:Nest/social-media-microservices/post-service/src/controllers/post-controller.js:153:21)\n    at process.processTicksAndRejections (node:internal/process/task_queues:103:5)","service":"post-service","timestamp":"2026-05-07T10:15:44.547Z"}
{"level":"info","message":"Received GET request to /api/posts/all-posts","service":"post-service","timestamp":"2026-05-07T10:16:14.301Z"}
{"level":"info","message":"Request body, [object Object]","service":"post-service","timestamp":"2026-05-07T10:16:14.302Z"}
{"level":"info","message":"Received POST request to /api/posts/create-post","service":"post-service","timestamp":"2026-05-07T10:17:49.500Z"}
{"level":"info","message":"Request body, [object Object]","service":"post-service","timestamp":"2026-05-07T10:17:49.501Z"}
{"level":"warn","message":"Sensitive endpoint rate limit exceeded for IP: ::1","service":"post-service","timestamp":"2026-05-07T10:17:49.526Z"}
{"level":"info","message":"Received POST request to /api/posts/create-post","service":"post-service","timestamp":"2026-05-07T10:19:43.124Z"}
{"level":"info","message":"Request body, [object Object]","service":"post-service","timestamp":"2026-05-07T10:19:43.126Z"}
{"level":"warn","message":"Sensitive endpoint rate limit exceeded for IP: ::1","service":"post-service","timestamp":"2026-05-07T10:19:43.129Z"}
{"level":"info","message":"Received POST request to /api/posts/create-post","service":"post-service","timestamp":"2026-05-11T03:26:41.558Z"}
{"level":"info","message":"Request body, [object Object]","service":"post-service","timestamp":"2026-05-11T03:26:41.574Z"}
{"level":"info","message":"Create post endpoint hit...","service":"post-service","timestamp":"2026-05-11T03:26:41.624Z"}
{"$__":{"$versionError":null,"activePaths":{"paths":{"content":"require","user":"require"},"states":{"default":{},"modify":{},"require":{"content":true,"user":true}}},"backup":{"activePaths":{"default":{"_id":true,"createdAt":true},"modify":{"content":true,"mediaIds":true,"updatedAt":true,"user":true}},"validationError":null},"cachedRequired":{},"inserting":true,"op":null,"pathsToScopes":{"mediaIds":{"__v":0,"_id":"6a014c7189c5e08d56c4ba7a","content":"New post create 19","createdAt":"2026-05-11T03:26:41.763Z","mediaIds":["6a014c1f9ee36ecef62391ca"],"updatedAt":"2026-05-11T03:26:41.763Z","user":"69929611744b40db6e96ab62"}},"saveOptions":null,"savedState":{},"saving":null,"validating":null},"$isNew":false,"_doc":{"__v":0,"_id":"6a014c7189c5e08d56c4ba7a","content":"New post create 19","createdAt":"2026-05-11T03:26:41.763Z","mediaIds":["6a014c1f9ee36ecef62391ca"],"updatedAt":"2026-05-11T03:26:41.763Z","user":"69929611744b40db6e96ab62"},"level":"info","message":"Post created successfully","service":"post-service","timestamp":"2026-05-11T03:26:43.839Z"}
{"level":"info","message":"Received GET request to /api/posts/all-posts","service":"post-service","timestamp":"2026-05-11T03:27:19.858Z"}
{"level":"info","message":"Request body, [object Object]","service":"post-service","timestamp":"2026-05-11T03:27:19.860Z"}
{"level":"info","message":"Received DELETE request to /api/posts/6a014c7189c5e08d56c4ba7a","service":"post-service","timestamp":"2026-05-11T03:28:45.154Z"}
{"level":"info","message":"Request body, [object Object]","service":"post-service","timestamp":"2026-05-11T03:28:45.154Z"}
{"level":"error","message":"Channel closed","service":"post-service","stack":"IllegalOperationError: Channel closed\n    at Channel.<anonymous> (/Users/mac/Documents/Portfolio/Backend/Node:Nest/social-media-microservices/post-service/node_modules/amqplib/lib/channel.js:348:11)\n    at Channel.publish (/Users/mac/Documents/Portfolio/Backend/Node:Nest/social-media-microservices/post-service/node_modules/amqplib/lib/channel_model.js:129:17)\n    at publishEvent (/Users/mac/Documents/Portfolio/Backend/Node:Nest/social-media-microservices/post-service/src/utils/rabbitmq.js:27:11)\n    at deletePost (/Users/mac/Documents/Portfolio/Backend/Node:Nest/social-media-microservices/post-service/src/controllers/post-controller.js:141:11)\n    at process.processTicksAndRejections (node:internal/process/task_queues:103:5)","stackAtStateChange":"Stack capture: Connection closed: 320 (CONNECTION-FORCED) with message \"CONNECTION_FORCED - broker forced connection closure with reason 'shutdown'\"\n    at Object.accept (/Users/mac/Documents/Portfolio/Backend/Node:Nest/social-media-microservices/post-service/node_modules/amqplib/lib/connection.js:576:17)\n    at Connection.mainAccept [as accept] (/Users/mac/Documents/Portfolio/Backend/Node:Nest/social-media-microservices/post-service/node_modules/amqplib/lib/connection.js:549:24)\n    at Socket.go (/Users/mac/Documents/Portfolio/Backend/Node:Nest/social-media-microservices/post-service/node_modules/amqplib/lib/connection.js:410:16)\n    at Socket.emit (node:events:508:28)\n    at emitReadable_ (node:internal/streams/readable:832:12)\n    at process.processTicksAndRejections (node:internal/process/task_queues:88:21)","timestamp":"2026-05-11T03:28:45.413Z"}
{"level":"info","message":"Received GET request to /api/posts/all-posts","service":"post-service","timestamp":"2026-05-11T03:29:12.617Z"}
{"level":"info","message":"Request body, [object Object]","service":"post-service","timestamp":"2026-05-11T03:29:12.622Z"}
{"level":"info","message":"Received DELETE request to /api/posts/6a014c7189c5e08d56c4ba7a","service":"post-service","timestamp":"2026-05-11T03:33:51.081Z"}
{"level":"info","message":"Request body, [object Object]","service":"post-service","timestamp":"2026-05-11T03:33:51.082Z"}
{"level":"error","message":"Error deleting post Cannot read properties of null (reading '_id')","service":"post-service","stack":"TypeError: Cannot read properties of null (reading '_id')\n    at deletePost (/Users/mac/Documents/Portfolio/Backend/Node:Nest/social-media-microservices/post-service/src/controllers/post-controller.js:142:20)\n    at process.processTicksAndRejections (node:internal/process/task_queues:103:5)","timestamp":"2026-05-11T03:33:51.382Z"}
{"level":"error","message":"Error [ERR_HTTP_HEADERS_SENT]: Cannot set headers after they are sent to the client\n    at ServerResponse.setHeader (node:_http_outgoing:642:11)\n    at ServerResponse.header (/Users/mac/Documents/Portfolio/Backend/Node:Nest/social-media-microservices/post-service/node_modules/express/lib/response.js:686:10)\n    at ServerResponse.send (/Users/mac/Documents/Portfolio/Backend/Node:Nest/social-media-microservices/post-service/node_modules/express/lib/response.js:163:12)\n    at ServerResponse.json (/Users/mac/Documents/Portfolio/Backend/Node:Nest/social-media-microservices/post-service/node_modules/express/lib/response.js:252:15)\n    at deletePost (/Users/mac/Documents/Portfolio/Backend/Node:Nest/social-media-microservices/post-service/src/controllers/post-controller.js:153:21)\n    at process.processTicksAndRejections (node:internal/process/task_queues:103:5)","service":"post-service","timestamp":"2026-05-11T03:33:51.456Z"}
{"level":"info","message":"Received GET request to /api/posts/all-posts","service":"post-service","timestamp":"2026-05-11T03:35:02.378Z"}
{"level":"info","message":"Request body, [object Object]","service":"post-service","timestamp":"2026-05-11T03:35:02.378Z"}
{"level":"info","message":"Received DELETE request to /api/posts/6a014c7189c5e08d56c4ba7a","service":"post-service","timestamp":"2026-05-11T03:41:31.563Z"}
{"level":"info","message":"Request body, [object Object]","service":"post-service","timestamp":"2026-05-11T03:41:31.572Z"}
{"level":"error","message":"Error deleting post Cannot read properties of null (reading '_id')","service":"post-service","stack":"TypeError: Cannot read properties of null (reading '_id')\n    at deletePost (/Users/mac/Documents/Portfolio/Backend/Node:Nest/social-media-microservices/post-service/src/controllers/post-controller.js:142:20)\n    at process.processTicksAndRejections (node:internal/process/task_queues:103:5)","timestamp":"2026-05-11T03:41:31.811Z"}
{"level":"error","message":"Error [ERR_HTTP_HEADERS_SENT]: Cannot set headers after they are sent to the client\n    at ServerResponse.setHeader (node:_http_outgoing:642:11)\n    at ServerResponse.header (/Users/mac/Documents/Portfolio/Backend/Node:Nest/social-media-microservices/post-service/node_modules/express/lib/response.js:686:10)\n    at ServerResponse.send (/Users/mac/Documents/Portfolio/Backend/Node:Nest/social-media-microservices/post-service/node_modules/express/lib/response.js:163:12)\n    at ServerResponse.json (/Users/mac/Documents/Portfolio/Backend/Node:Nest/social-media-microservices/post-service/node_modules/express/lib/response.js:252:15)\n    at deletePost (/Users/mac/Documents/Portfolio/Backend/Node:Nest/social-media-microservices/post-service/src/controllers/post-controller.js:153:21)\n    at process.processTicksAndRejections (node:internal/process/task_queues:103:5)","service":"post-service","timestamp":"2026-05-11T03:41:31.823Z"}
{"level":"info","message":"Connected to rabbit mq","service":"post-service","timestamp":"2026-05-11T03:49:26.411Z"}
{"level":"info","message":"Post service running on port 3002","service":"post-service","timestamp":"2026-05-11T03:49:26.417Z"}
{"level":"info","message":"Connected to mongodb","service":"post-service","timestamp":"2026-05-11T03:49:28.437Z"}
{"level":"info","message":"Received POST request to /api/posts/create-post","service":"post-service","timestamp":"2026-05-11T03:51:58.525Z"}
{"level":"info","message":"Request body, [object Object]","service":"post-service","timestamp":"2026-05-11T03:51:58.528Z"}
{"level":"info","message":"Create post endpoint hit...","service":"post-service","timestamp":"2026-05-11T03:51:58.556Z"}
{"$__":{"$versionError":null,"activePaths":{"paths":{"content":"require","user":"require"},"states":{"default":{},"modify":{},"require":{"content":true,"user":true}}},"backup":{"activePaths":{"default":{"_id":true,"createdAt":true},"modify":{"content":true,"mediaIds":true,"updatedAt":true,"user":true}},"validationError":null},"cachedRequired":{},"inserting":true,"op":null,"pathsToScopes":{"mediaIds":{"__v":0,"_id":"6a01525ecdd2b70361f80e93","content":"New post create 19","createdAt":"2026-05-11T03:51:58.597Z","mediaIds":["6a015247214e42fbb91aa710"],"updatedAt":"2026-05-11T03:51:58.597Z","user":"69929611744b40db6e96ab62"}},"saveOptions":null,"savedState":{},"saving":null,"validating":null},"$isNew":false,"_doc":{"__v":0,"_id":"6a01525ecdd2b70361f80e93","content":"New post create 19","createdAt":"2026-05-11T03:51:58.597Z","mediaIds":["6a015247214e42fbb91aa710"],"updatedAt":"2026-05-11T03:51:58.597Z","user":"69929611744b40db6e96ab62"},"level":"info","message":"Post created successfully","service":"post-service","timestamp":"2026-05-11T03:51:58.811Z"}
{"level":"info","message":"Received GET request to /api/posts/all-posts","service":"post-service","timestamp":"2026-05-11T03:52:11.547Z"}
{"level":"info","message":"Request body, [object Object]","service":"post-service","timestamp":"2026-05-11T03:52:11.547Z"}
{"level":"info","message":"Received DELETE request to /api/posts/6a01525ecdd2b70361f80e93","service":"post-service","timestamp":"2026-05-11T03:52:47.401Z"}
{"level":"info","message":"Request body, [object Object]","service":"post-service","timestamp":"2026-05-11T03:52:47.402Z"}
{"level":"info","message":"Event published: post.deleted","service":"post-service","timestamp":"2026-05-11T03:52:47.603Z"}
{"level":"info","message":"Connected to rabbit mq","service":"post-service","timestamp":"2026-05-13T03:20:30.900Z"}
{"level":"info","message":"Post service running on port 3002","service":"post-service","timestamp":"2026-05-13T03:20:30.920Z"}
{"level":"info","message":"Connected to mongodb","service":"post-service","timestamp":"2026-05-13T03:20:32.418Z"}
{"level":"info","message":"Received POST request to /api/posts/create-post","service":"post-service","timestamp":"2026-05-13T12:58:33.601Z"}
{"level":"info","message":"Request body, [object Object]","service":"post-service","timestamp":"2026-05-13T12:58:33.619Z"}
{"level":"info","message":"Create post endpoint hit...","service":"post-service","timestamp":"2026-05-13T12:58:33.729Z"}
{"level":"info","message":"Event published: post.created","service":"post-service","timestamp":"2026-05-13T12:58:35.451Z"}
{"$__":{"$versionError":null,"activePaths":{"paths":{"content":"require","user":"require"},"states":{"default":{},"modify":{},"require":{"content":true,"user":true}}},"backup":{"activePaths":{"default":{"_id":true,"createdAt":true},"modify":{"content":true,"mediaIds":true,"updatedAt":true,"user":true}},"validationError":null},"cachedRequired":{},"inserting":true,"op":null,"pathsToScopes":{"mediaIds":{"__v":0,"_id":"6a047579c0683f4662faf2d7","content":"Search post create","createdAt":"2026-05-13T12:58:33.852Z","mediaIds":[],"updatedAt":"2026-05-13T12:58:33.852Z","user":"69929611744b40db6e96ab62"}},"saveOptions":null,"savedState":{},"saving":null,"validating":null},"$isNew":false,"_doc":{"__v":0,"_id":"6a047579c0683f4662faf2d7","content":"Search post create","createdAt":"2026-05-13T12:58:33.852Z","mediaIds":[],"updatedAt":"2026-05-13T12:58:33.852Z","user":"69929611744b40db6e96ab62"},"level":"info","message":"Post created successfully","service":"post-service","timestamp":"2026-05-13T12:58:35.463Z"}
{"level":"info","message":"Received POST request to /api/posts/create-post","service":"post-service","timestamp":"2026-05-13T13:05:21.432Z"}
{"level":"info","message":"Request body, [object Object]","service":"post-service","timestamp":"2026-05-13T13:05:21.441Z"}
{"level":"info","message":"Create post endpoint hit...","service":"post-service","timestamp":"2026-05-13T13:05:21.492Z"}
{"level":"info","message":"Event published: post.created","service":"post-service","timestamp":"2026-05-13T13:05:21.738Z"}
{"$__":{"$versionError":null,"activePaths":{"paths":{"content":"require","user":"require"},"states":{"default":{},"modify":{},"require":{"content":true,"user":true}}},"backup":{"activePaths":{"default":{"_id":true,"createdAt":true},"modify":{"content":true,"mediaIds":true,"updatedAt":true,"user":true}},"validationError":null},"cachedRequired":{},"inserting":true,"op":null,"pathsToScopes":{"mediaIds":{"__v":0,"_id":"6a047711c0683f4662faf2d9","content":"Search post2","createdAt":"2026-05-13T13:05:21.517Z","mediaIds":[],"updatedAt":"2026-05-13T13:05:21.517Z","user":"69929611744b40db6e96ab62"}},"saveOptions":null,"savedState":{},"saving":null,"validating":null},"$isNew":false,"_doc":{"__v":0,"_id":"6a047711c0683f4662faf2d9","content":"Search post2","createdAt":"2026-05-13T13:05:21.517Z","mediaIds":[],"updatedAt":"2026-05-13T13:05:21.517Z","user":"69929611744b40db6e96ab62"},"level":"info","message":"Post created successfully","service":"post-service","timestamp":"2026-05-13T13:05:21.751Z"}
{"level":"info","message":"Connected to rabbit mq","service":"post-service","timestamp":"2026-05-13T13:47:43.554Z"}
{"level":"info","message":"Post service running on port 3002","service":"post-service","timestamp":"2026-05-13T13:47:43.569Z"}
{"level":"info","message":"Connected to mongodb","service":"post-service","timestamp":"2026-05-13T13:47:45.196Z"}
{"level":"info","message":"Received POST request to /api/posts/create-post","service":"post-service","timestamp":"2026-05-13T13:47:58.624Z"}
{"level":"info","message":"Request body, [object Object]","service":"post-service","timestamp":"2026-05-13T13:47:58.625Z"}
{"level":"info","message":"Create post endpoint hit...","service":"post-service","timestamp":"2026-05-13T13:47:58.640Z"}
{"level":"info","message":"Event published: post.created","service":"post-service","timestamp":"2026-05-13T13:47:58.867Z"}
{"$__":{"$versionError":null,"activePaths":{"paths":{"content":"require","user":"require"},"states":{"default":{},"modify":{},"require":{"content":true,"user":true}}},"backup":{"activePaths":{"default":{"_id":true,"createdAt":true},"modify":{"content":true,"mediaIds":true,"updatedAt":true,"user":true}},"validationError":null},"cachedRequired":{},"inserting":true,"op":null,"pathsToScopes":{"mediaIds":{"__v":0,"_id":"6a04810ec2d63a98234f8db7","content":"Search post3","createdAt":"2026-05-13T13:47:58.659Z","mediaIds":[],"updatedAt":"2026-05-13T13:47:58.659Z","user":"69929611744b40db6e96ab62"}},"saveOptions":null,"savedState":{},"saving":null,"validating":null},"$isNew":false,"_doc":{"__v":0,"_id":"6a04810ec2d63a98234f8db7","content":"Search post3","createdAt":"2026-05-13T13:47:58.659Z","mediaIds":[],"updatedAt":"2026-05-13T13:47:58.659Z","user":"69929611744b40db6e96ab62"},"level":"info","message":"Post created successfully","service":"post-service","timestamp":"2026-05-13T13:47:58.876Z"}
{"level":"info","message":"Received POST request to /api/posts/create-post","service":"post-service","timestamp":"2026-05-13T13:52:46.571Z"}
{"level":"info","message":"Request body, [object Object]","service":"post-service","timestamp":"2026-05-13T13:52:46.573Z"}
{"level":"info","message":"Create post endpoint hit...","service":"post-service","timestamp":"2026-05-13T13:52:46.599Z"}
{"level":"info","message":"Event published: post.created","service":"post-service","timestamp":"2026-05-13T13:52:46.798Z"}
{"$__":{"$versionError":null,"activePaths":{"paths":{"content":"require","user":"require"},"states":{"default":{},"modify":{},"require":{"content":true,"user":true}}},"backup":{"activePaths":{"default":{"_id":true,"createdAt":true},"modify":{"content":true,"mediaIds":true,"updatedAt":true,"user":true}},"validationError":null},"cachedRequired":{},"inserting":true,"op":null,"pathsToScopes":{"mediaIds":{"__v":0,"_id":"6a04822ec2d63a98234f8db9","content":"First post","createdAt":"2026-05-13T13:52:46.606Z","mediaIds":[],"updatedAt":"2026-05-13T13:52:46.606Z","user":"69929611744b40db6e96ab62"}},"saveOptions":null,"savedState":{},"saving":null,"validating":null},"$isNew":false,"_doc":{"__v":0,"_id":"6a04822ec2d63a98234f8db9","content":"First post","createdAt":"2026-05-13T13:52:46.606Z","mediaIds":[],"updatedAt":"2026-05-13T13:52:46.606Z","user":"69929611744b40db6e96ab62"},"level":"info","message":"Post created successfully","service":"post-service","timestamp":"2026-05-13T13:52:46.802Z"}
{"level":"info","message":"Connected to rabbit mq","service":"post-service","timestamp":"2026-05-13T13:55:09.857Z"}
{"level":"info","message":"Post service running on port 3002","service":"post-service","timestamp":"2026-05-13T13:55:09.862Z"}
{"level":"info","message":"Connected to mongodb","service":"post-service","timestamp":"2026-05-13T13:55:11.638Z"}
{"level":"info","message":"Received POST request to /api/posts/create-post","service":"post-service","timestamp":"2026-05-13T13:56:35.235Z"}
{"level":"info","message":"Request body, [object Object]","service":"post-service","timestamp":"2026-05-13T13:56:35.242Z"}
{"level":"info","message":"Create post endpoint hit...","service":"post-service","timestamp":"2026-05-13T13:56:35.251Z"}
{"level":"info","message":"Event published: post.created","service":"post-service","timestamp":"2026-05-13T13:56:35.491Z"}
{"$__":{"$versionError":null,"activePaths":{"paths":{"content":"require","user":"require"},"states":{"default":{},"modify":{},"require":{"content":true,"user":true}}},"backup":{"activePaths":{"default":{"_id":true,"createdAt":true},"modify":{"content":true,"mediaIds":true,"updatedAt":true,"user":true}},"validationError":null},"cachedRequired":{},"inserting":true,"op":null,"pathsToScopes":{"mediaIds":{"__v":0,"_id":"6a0483136cfacd5debaccb59","content":"Second post","createdAt":"2026-05-13T13:56:35.286Z","mediaIds":[],"updatedAt":"2026-05-13T13:56:35.286Z","user":"69929611744b40db6e96ab62"}},"saveOptions":null,"savedState":{},"saving":null,"validating":null},"$isNew":false,"_doc":{"__v":0,"_id":"6a0483136cfacd5debaccb59","content":"Second post","createdAt":"2026-05-13T13:56:35.286Z","mediaIds":[],"updatedAt":"2026-05-13T13:56:35.286Z","user":"69929611744b40db6e96ab62"},"level":"info","message":"Post created successfully","service":"post-service","timestamp":"2026-05-13T13:56:35.496Z"}
{"code":"ECONNREFUSED","level":"error","message":"Error connecting to rabbitmq","service":"post-service","stack":"AggregateError [ECONNREFUSED]: \n    at internalConnectMultiple (node:net:1134:18)\n    at afterConnectMultiple (node:net:1715:7)","timestamp":"2026-05-15T10:19:41.026Z"}
{"level":"info","message":"Post service running on port 3002","service":"post-service","timestamp":"2026-05-15T10:19:41.038Z"}
{"level":"info","message":"Connected to mongodb","service":"post-service","timestamp":"2026-05-15T10:19:42.729Z"}
{"level":"info","message":"Received POST request to /api/posts/create-post","service":"post-service","timestamp":"2026-05-15T10:20:43.237Z"}
{"level":"info","message":"Request body, [object Object]","service":"post-service","timestamp":"2026-05-15T10:20:43.238Z"}
{"level":"info","message":"Create post endpoint hit...","service":"post-service","timestamp":"2026-05-15T10:20:43.271Z"}
{"level":"info","message":"Connected to rabbit mq","service":"post-service","timestamp":"2026-05-15T10:20:43.548Z"}
{"level":"info","message":"Event published: post.created","service":"post-service","timestamp":"2026-05-15T10:20:43.549Z"}
{"$__":{"$versionError":null,"activePaths":{"paths":{"content":"require","user":"require"},"states":{"default":{},"modify":{},"require":{"content":true,"user":true}}},"backup":{"activePaths":{"default":{"_id":true,"createdAt":true},"modify":{"content":true,"mediaIds":true,"updatedAt":true,"user":true}},"validationError":null},"cachedRequired":{},"inserting":true,"op":null,"pathsToScopes":{"mediaIds":{"__v":0,"_id":"6a06f37b592cf02af6529606","content":"Second post2","createdAt":"2026-05-15T10:20:43.309Z","mediaIds":[],"updatedAt":"2026-05-15T10:20:43.309Z","user":"69929611744b40db6e96ab62"}},"saveOptions":null,"savedState":{},"saving":null,"validating":null},"$isNew":false,"_doc":{"__v":0,"_id":"6a06f37b592cf02af6529606","content":"Second post2","createdAt":"2026-05-15T10:20:43.309Z","mediaIds":[],"updatedAt":"2026-05-15T10:20:43.309Z","user":"69929611744b40db6e96ab62"},"level":"info","message":"Post created successfully","service":"post-service","timestamp":"2026-05-15T10:20:43.560Z"}
{"level":"info","message":"Received POST request to /api/posts/create-post","service":"post-service","timestamp":"2026-05-15T10:24:09.655Z"}
{"level":"info","message":"Request body, [object Object]","service":"post-service","timestamp":"2026-05-15T10:24:09.655Z"}
{"level":"info","message":"Create post endpoint hit...","service":"post-service","timestamp":"2026-05-15T10:24:09.660Z"}
{"level":"info","message":"Event published: post.created","service":"post-service","timestamp":"2026-05-15T10:24:09.867Z"}
{"$__":{"$versionError":null,"activePaths":{"paths":{"content":"require","user":"require"},"states":{"default":{},"modify":{},"require":{"content":true,"user":true}}},"backup":{"activePaths":{"default":{"_id":true,"createdAt":true},"modify":{"content":true,"mediaIds":true,"updatedAt":true,"user":true}},"validationError":null},"cachedRequired":{},"inserting":true,"op":null,"pathsToScopes":{"mediaIds":{"__v":0,"_id":"6a06f449592cf02af6529608","content":"FIrst post","createdAt":"2026-05-15T10:24:09.662Z","mediaIds":[],"updatedAt":"2026-05-15T10:24:09.662Z","user":"69929611744b40db6e96ab62"}},"saveOptions":null,"savedState":{},"saving":null,"validating":null},"$isNew":false,"_doc":{"__v":0,"_id":"6a06f449592cf02af6529608","content":"FIrst post","createdAt":"2026-05-15T10:24:09.662Z","mediaIds":[],"updatedAt":"2026-05-15T10:24:09.662Z","user":"69929611744b40db6e96ab62"},"level":"info","message":"Post created successfully","service":"post-service","timestamp":"2026-05-15T10:24:09.872Z"}
{"level":"info","message":"Received POST request to /api/posts/create-post","service":"post-service","timestamp":"2026-05-15T10:24:42.512Z"}
{"level":"info","message":"Request body, [object Object]","service":"post-service","timestamp":"2026-05-15T10:24:42.513Z"}
{"level":"info","message":"Create post endpoint hit...","service":"post-service","timestamp":"2026-05-15T10:24:42.517Z"}
{"level":"info","message":"Event published: post.created","service":"post-service","timestamp":"2026-05-15T10:24:42.735Z"}
{"$__":{"$versionError":null,"activePaths":{"paths":{"content":"require","user":"require"},"states":{"default":{},"modify":{},"require":{"content":true,"user":true}}},"backup":{"activePaths":{"default":{"_id":true,"createdAt":true},"modify":{"content":true,"mediaIds":true,"updatedAt":true,"user":true}},"validationError":null},"cachedRequired":{},"inserting":true,"op":null,"pathsToScopes":{"mediaIds":{"__v":0,"_id":"6a06f46a592cf02af652960a","content":"Second post","createdAt":"2026-05-15T10:24:42.520Z","mediaIds":[],"updatedAt":"2026-05-15T10:24:42.520Z","user":"69929611744b40db6e96ab62"}},"saveOptions":null,"savedState":{},"saving":null,"validating":null},"$isNew":false,"_doc":{"__v":0,"_id":"6a06f46a592cf02af652960a","content":"Second post","createdAt":"2026-05-15T10:24:42.520Z","mediaIds":[],"updatedAt":"2026-05-15T10:24:42.520Z","user":"69929611744b40db6e96ab62"},"level":"info","message":"Post created successfully","service":"post-service","timestamp":"2026-05-15T10:24:42.737Z"}
{"level":"info","message":"Received POST request to /api/posts/create-post","service":"post-service","timestamp":"2026-05-15T10:37:48.487Z"}
{"level":"info","message":"Request body, [object Object]","service":"post-service","timestamp":"2026-05-15T10:37:48.496Z"}
{"level":"info","message":"Create post endpoint hit...","service":"post-service","timestamp":"2026-05-15T10:37:48.516Z"}
{"level":"info","message":"Event published: post.created","service":"post-service","timestamp":"2026-05-15T10:37:48.781Z"}
{"$__":{"$versionError":null,"activePaths":{"paths":{"content":"require","user":"require"},"states":{"default":{},"modify":{},"require":{"content":true,"user":true}}},"backup":{"activePaths":{"default":{"_id":true,"createdAt":true},"modify":{"content":true,"mediaIds":true,"updatedAt":true,"user":true}},"validationError":null},"cachedRequired":{},"inserting":true,"op":null,"pathsToScopes":{"mediaIds":{"__v":0,"_id":"6a06f77c592cf02af652960c","content":"First post","createdAt":"2026-05-15T10:37:48.552Z","mediaIds":[],"updatedAt":"2026-05-15T10:37:48.552Z","user":"69929611744b40db6e96ab62"}},"saveOptions":null,"savedState":{},"saving":null,"validating":null},"$isNew":false,"_doc":{"__v":0,"_id":"6a06f77c592cf02af652960c","content":"First post","createdAt":"2026-05-15T10:37:48.552Z","mediaIds":[],"updatedAt":"2026-05-15T10:37:48.552Z","user":"69929611744b40db6e96ab62"},"level":"info","message":"Post created successfully","service":"post-service","timestamp":"2026-05-15T10:37:48.782Z"}
{"level":"info","message":"Received POST request to /api/posts/create-post","service":"post-service","timestamp":"2026-05-15T10:39:05.103Z"}
{"level":"info","message":"Request body, [object Object]","service":"post-service","timestamp":"2026-05-15T10:39:05.104Z"}
{"level":"info","message":"Create post endpoint hit...","service":"post-service","timestamp":"2026-05-15T10:39:05.106Z"}
{"level":"info","message":"Event published: post.created","service":"post-service","timestamp":"2026-05-15T10:39:05.397Z"}
{"$__":{"$versionError":null,"activePaths":{"paths":{"content":"require","user":"require"},"states":{"default":{},"modify":{},"require":{"content":true,"user":true}}},"backup":{"activePaths":{"default":{"_id":true,"createdAt":true},"modify":{"content":true,"mediaIds":true,"updatedAt":true,"user":true}},"validationError":null},"cachedRequired":{},"inserting":true,"op":null,"pathsToScopes":{"mediaIds":{"__v":0,"_id":"6a06f7c9592cf02af652960e","content":"Second post","createdAt":"2026-05-15T10:39:05.107Z","mediaIds":[],"updatedAt":"2026-05-15T10:39:05.107Z","user":"69929611744b40db6e96ab62"}},"saveOptions":null,"savedState":{},"saving":null,"validating":null},"$isNew":false,"_doc":{"__v":0,"_id":"6a06f7c9592cf02af652960e","content":"Second post","createdAt":"2026-05-15T10:39:05.107Z","mediaIds":[],"updatedAt":"2026-05-15T10:39:05.107Z","user":"69929611744b40db6e96ab62"},"level":"info","message":"Post created successfully","service":"post-service","timestamp":"2026-05-15T10:39:05.406Z"}
{"level":"info","message":"Received GET request to /api/posts/all-posts","service":"post-service","timestamp":"2026-05-18T09:48:41.436Z"}
{"level":"info","message":"Request body, [object Object]","service":"post-service","timestamp":"2026-05-18T09:48:41.524Z"}
{"level":"info","message":"Received DELETE request to /api/posts/6a06f77c592cf02af652960c","service":"post-service","timestamp":"2026-05-18T09:51:25.336Z"}
{"level":"info","message":"Request body, [object Object]","service":"post-service","timestamp":"2026-05-18T09:51:25.336Z"}
{"level":"info","message":"Event published: post.deleted","service":"post-service","timestamp":"2026-05-18T09:51:25.597Z"}
{"level":"info","message":"Received POST request to /api/posts/create-post","service":"post-service","timestamp":"2026-05-18T09:53:28.541Z"}
{"level":"info","message":"Request body, [object Object]","service":"post-service","timestamp":"2026-05-18T09:53:28.543Z"}
{"level":"info","message":"Create post endpoint hit...","service":"post-service","timestamp":"2026-05-18T09:53:28.578Z"}
{"level":"info","message":"Event published: post.created","service":"post-service","timestamp":"2026-05-18T09:53:28.878Z"}
{"$__":{"$versionError":null,"activePaths":{"paths":{"content":"require","user":"require"},"states":{"default":{},"modify":{},"require":{"content":true,"user":true}}},"backup":{"activePaths":{"default":{"_id":true,"createdAt":true},"modify":{"content":true,"mediaIds":true,"updatedAt":true,"user":true}},"validationError":null},"cachedRequired":{},"inserting":true,"op":null,"pathsToScopes":{"mediaIds":{"__v":0,"_id":"6a0ae198592cf02af6529613","content":"FIrst post","createdAt":"2026-05-18T09:53:28.637Z","mediaIds":[],"updatedAt":"2026-05-18T09:53:28.637Z","user":"69929611744b40db6e96ab62"}},"saveOptions":null,"savedState":{},"saving":null,"validating":null},"$isNew":false,"_doc":{"__v":0,"_id":"6a0ae198592cf02af6529613","content":"FIrst post","createdAt":"2026-05-18T09:53:28.637Z","mediaIds":[],"updatedAt":"2026-05-18T09:53:28.637Z","user":"69929611744b40db6e96ab62"},"level":"info","message":"Post created successfully","service":"post-service","timestamp":"2026-05-18T09:53:28.883Z"}
{"level":"info","message":"Received GET request to /api/posts/all-posts","service":"post-service","timestamp":"2026-05-18T09:53:38.149Z"}
{"level":"info","message":"Request body, [object Object]","service":"post-service","timestamp":"2026-05-18T09:53:38.149Z"}
{"level":"info","message":"Received DELETE request to /api/posts/6a0ae198592cf02af6529613","service":"post-service","timestamp":"2026-05-18T09:54:09.866Z"}
{"level":"info","message":"Request body, [object Object]","service":"post-service","timestamp":"2026-05-18T09:54:09.867Z"}
{"level":"info","message":"Event published: post.deleted","service":"post-service","timestamp":"2026-05-18T09:54:10.063Z"}
{"level":"info","message":"Received GET request to /api/posts/all-posts","service":"post-service","timestamp":"2026-05-18T10:03:20.036Z"}
{"level":"info","message":"Request body, [object Object]","service":"post-service","timestamp":"2026-05-18T10:03:20.040Z"}
{"level":"info","message":"Received POST request to /api/posts/create-post","service":"post-service","timestamp":"2026-05-18T10:04:09.722Z"}
{"level":"info","message":"Request body, [object Object]","service":"post-service","timestamp":"2026-05-18T10:04:09.722Z"}
{"level":"info","message":"Create post endpoint hit...","service":"post-service","timestamp":"2026-05-18T10:04:09.761Z"}
{"level":"info","message":"Event published: post.created","service":"post-service","timestamp":"2026-05-18T10:04:09.985Z"}
{"$__":{"$versionError":null,"activePaths":{"paths":{"content":"require","user":"require"},"states":{"default":{},"modify":{},"require":{"content":true,"user":true}}},"backup":{"activePaths":{"default":{"_id":true,"createdAt":true},"modify":{"content":true,"mediaIds":true,"updatedAt":true,"user":true}},"validationError":null},"cachedRequired":{},"inserting":true,"op":null,"pathsToScopes":{"mediaIds":{"__v":0,"_id":"6a0ae419592cf02af652961a","content":"First post","createdAt":"2026-05-18T10:04:09.784Z","mediaIds":[],"updatedAt":"2026-05-18T10:04:09.784Z","user":"69929611744b40db6e96ab62"}},"saveOptions":null,"savedState":{},"saving":null,"validating":null},"$isNew":false,"_doc":{"__v":0,"_id":"6a0ae419592cf02af652961a","content":"First post","createdAt":"2026-05-18T10:04:09.784Z","mediaIds":[],"updatedAt":"2026-05-18T10:04:09.784Z","user":"69929611744b40db6e96ab62"},"level":"info","message":"Post created successfully","service":"post-service","timestamp":"2026-05-18T10:04:09.990Z"}
{"level":"info","message":"Received POST request to /api/posts/create-post","service":"post-service","timestamp":"2026-05-18T10:04:20.558Z"}
{"level":"info","message":"Request body, [object Object]","service":"post-service","timestamp":"2026-05-18T10:04:20.558Z"}
{"level":"info","message":"Create post endpoint hit...","service":"post-service","timestamp":"2026-05-18T10:04:20.560Z"}
{"level":"info","message":"Event published: post.created","service":"post-service","timestamp":"2026-05-18T10:04:20.751Z"}
{"$__":{"$versionError":null,"activePaths":{"paths":{"content":"require","user":"require"},"states":{"default":{},"modify":{},"require":{"content":true,"user":true}}},"backup":{"activePaths":{"default":{"_id":true,"createdAt":true},"modify":{"content":true,"mediaIds":true,"updatedAt":true,"user":true}},"validationError":null},"cachedRequired":{},"inserting":true,"op":null,"pathsToScopes":{"mediaIds":{"__v":0,"_id":"6a0ae424592cf02af652961c","content":"Third post","createdAt":"2026-05-18T10:04:20.561Z","mediaIds":[],"updatedAt":"2026-05-18T10:04:20.561Z","user":"69929611744b40db6e96ab62"}},"saveOptions":null,"savedState":{},"saving":null,"validating":null},"$isNew":false,"_doc":{"__v":0,"_id":"6a0ae424592cf02af652961c","content":"Third post","createdAt":"2026-05-18T10:04:20.561Z","mediaIds":[],"updatedAt":"2026-05-18T10:04:20.561Z","user":"69929611744b40db6e96ab62"},"level":"info","message":"Post created successfully","service":"post-service","timestamp":"2026-05-18T10:04:20.756Z"}
{"level":"info","message":"Received POST request to /api/posts/create-post","service":"post-service","timestamp":"2026-05-18T10:04:31.170Z"}
{"level":"info","message":"Request body, [object Object]","service":"post-service","timestamp":"2026-05-18T10:04:31.173Z"}
{"level":"info","message":"Create post endpoint hit...","service":"post-service","timestamp":"2026-05-18T10:04:31.178Z"}
{"level":"info","message":"Event published: post.created","service":"post-service","timestamp":"2026-05-18T10:04:31.365Z"}
{"$__":{"$versionError":null,"activePaths":{"paths":{"content":"require","user":"require"},"states":{"default":{},"modify":{},"require":{"content":true,"user":true}}},"backup":{"activePaths":{"default":{"_id":true,"createdAt":true},"modify":{"content":true,"mediaIds":true,"updatedAt":true,"user":true}},"validationError":null},"cachedRequired":{},"inserting":true,"op":null,"pathsToScopes":{"mediaIds":{"__v":0,"_id":"6a0ae42f592cf02af652961e","content":"Fourth post","createdAt":"2026-05-18T10:04:31.182Z","mediaIds":[],"updatedAt":"2026-05-18T10:04:31.182Z","user":"69929611744b40db6e96ab62"}},"saveOptions":null,"savedState":{},"saving":null,"validating":null},"$isNew":false,"_doc":{"__v":0,"_id":"6a0ae42f592cf02af652961e","content":"Fourth post","createdAt":"2026-05-18T10:04:31.182Z","mediaIds":[],"updatedAt":"2026-05-18T10:04:31.182Z","user":"69929611744b40db6e96ab62"},"level":"info","message":"Post created successfully","service":"post-service","timestamp":"2026-05-18T10:04:31.367Z"}
{"level":"info","message":"Received GET request to /api/posts/all-posts","service":"post-service","timestamp":"2026-05-18T10:04:40.086Z"}
{"level":"info","message":"Request body, [object Object]","service":"post-service","timestamp":"2026-05-18T10:04:40.086Z"}
